Archive member included to satisfy reference by file (symbol)

libbb/lib.a(appletlib.o)      /usr/lib/gcc-cross/aarch64-linux-gnu/11/../../../../aarch64-linux-gnu/lib/../lib/Scrt1.o (main)
libbb/lib.a(compare_string_array.o)
                              libbb/lib.a(appletlib.o) (is_prefixed_with)
libbb/lib.a(concat_path_file.o)
                              libbb/lib.a(appletlib.o) (concat_path_file)
libbb/lib.a(default_error_retval.o)
                              libbb/lib.a(appletlib.o) (xfunc_error_retval)
libbb/lib.a(get_last_path_component.o)
                              libbb/lib.a(appletlib.o) (bb_basename)
libbb/lib.a(last_char_is.o)   libbb/lib.a(concat_path_file.o) (last_char_is)
libbb/lib.a(llist.o)          libbb/lib.a(appletlib.o) (llist_free)
libbb/lib.a(messages.o)       libbb/lib.a(appletlib.o) (bb_busybox_exec_path)
libbb/lib.a(perror_msg.o)     libbb/lib.a(appletlib.o) (bb_simple_perror_msg)
libbb/lib.a(ptr_to_globals.o)
                              libbb/lib.a(appletlib.o) (bb_errno)
libbb/lib.a(skip_whitespace.o)
                              libbb/lib.a(appletlib.o) (skip_whitespace)
libbb/lib.a(verror_msg.o)     libbb/lib.a(perror_msg.o) (bb_verror_msg)
libbb/lib.a(wfopen.o)         libbb/lib.a(appletlib.o) (fopen_for_read)
libbb/lib.a(xfunc_die.o)      libbb/lib.a(appletlib.o) (xfunc_die)
libbb/lib.a(xfuncs.o)         libbb/lib.a(appletlib.o) (full_write1_str)
libbb/lib.a(xfuncs_printf.o)  libbb/lib.a(wfopen.o) (bb_die_memory_exhausted)
libbb/lib.a(xreadlink.o)      libbb/lib.a(appletlib.o) (xmalloc_readlink)
libbb/lib.a(copyfd.o)         libbb/lib.a(xfuncs_printf.o) (bb_copyfd_eof)
libbb/lib.a(full_write.o)     libbb/lib.a(verror_msg.o) (full_write)
libbb/lib.a(read.o)           libbb/lib.a(copyfd.o) (safe_read)
libbb/lib.a(safe_write.o)     libbb/lib.a(full_write.o) (safe_write)
libbb/lib.a(signals.o)        libbb/lib.a(xfuncs_printf.o) (kill_myself_with_sig)
libbb/lib.a(time.o)           libbb/lib.a(xfuncs_printf.o) (monotonic_us)
libbb/lib.a(xgetcwd.o)        libbb/lib.a(xreadlink.o) (xrealloc_getcwd_or_warn)
libbb/lib.a(bb_strtonum.o)    libbb/lib.a(time.o) (bb_strtoll)
libpwdgrp/lib.a(pwd_grp.o)    libbb/lib.a(appletlib.o) (bb_internal_getpwnam)
libpwdgrp/lib.a(uidgid_get.o)
                              libbb/lib.a(appletlib.o) (get_uidgid)
loginutils/lib.a(add-remove-shell.o)
                              libbb/lib.a(appletlib.o) (add_remove_shell_main)
loginutils/lib.a(addgroup.o)  libbb/lib.a(appletlib.o) (addgroup_main)
loginutils/lib.a(adduser.o)   libbb/lib.a(appletlib.o) (adduser_main)
loginutils/lib.a(chpasswd.o)  libbb/lib.a(appletlib.o) (chpasswd_main)
loginutils/lib.a(cryptpw.o)   libbb/lib.a(appletlib.o) (cryptpw_main)
loginutils/lib.a(deluser.o)   libbb/lib.a(appletlib.o) (deluser_main)
loginutils/lib.a(getty.o)     libbb/lib.a(appletlib.o) (getty_main)
loginutils/lib.a(login.o)     libbb/lib.a(appletlib.o) (login_main)
loginutils/lib.a(passwd.o)    libbb/lib.a(appletlib.o) (passwd_main)
loginutils/lib.a(su.o)        libbb/lib.a(appletlib.o) (su_main)
loginutils/lib.a(sulogin.o)   libbb/lib.a(appletlib.o) (sulogin_main)
loginutils/lib.a(vlock.o)     libbb/lib.a(appletlib.o) (vlock_main)
mailutils/lib.a(makemime.o)   libbb/lib.a(appletlib.o) (makemime_main)
mailutils/lib.a(popmaildir.o)
                              libbb/lib.a(appletlib.o) (popmaildir_main)
mailutils/lib.a(reformime.o)  libbb/lib.a(appletlib.o) (reformime_main)
mailutils/lib.a(sendmail.o)   libbb/lib.a(appletlib.o) (sendmail_main)
mailutils/lib.a(mail.o)       mailutils/lib.a(popmaildir.o) (launch_helper)
miscutils/lib.a(adjtimex.o)   libbb/lib.a(appletlib.o) (adjtimex_main)
miscutils/lib.a(ascii.o)      libbb/lib.a(appletlib.o) (ascii_main)
miscutils/lib.a(bc.o)         libbb/lib.a(appletlib.o) (bc_main)
miscutils/lib.a(beep.o)       libbb/lib.a(appletlib.o) (beep_main)
miscutils/lib.a(chat.o)       libbb/lib.a(appletlib.o) (chat_main)
miscutils/lib.a(conspy.o)     libbb/lib.a(appletlib.o) (conspy_main)
miscutils/lib.a(crond.o)      libbb/lib.a(appletlib.o) (crond_main)
miscutils/lib.a(crontab.o)    libbb/lib.a(appletlib.o) (crontab_main)
miscutils/lib.a(devmem.o)     libbb/lib.a(appletlib.o) (devmem_main)
miscutils/lib.a(fbsplash.o)   libbb/lib.a(appletlib.o) (fbsplash_main)
miscutils/lib.a(hdparm.o)     libbb/lib.a(appletlib.o) (hdparm_main)
miscutils/lib.a(hexedit.o)    libbb/lib.a(appletlib.o) (hexedit_main)
miscutils/lib.a(i2c_tools.o)  libbb/lib.a(appletlib.o) (i2cget_main)
miscutils/lib.a(less.o)       libbb/lib.a(appletlib.o) (less_main)
miscutils/lib.a(lsscsi.o)     libbb/lib.a(appletlib.o) (lsscsi_main)
miscutils/lib.a(makedevs.o)   libbb/lib.a(appletlib.o) (makedevs_main)
miscutils/lib.a(man.o)        libbb/lib.a(appletlib.o) (man_main)
miscutils/lib.a(microcom.o)   libbb/lib.a(appletlib.o) (microcom_main)
miscutils/lib.a(mt.o)         libbb/lib.a(appletlib.o) (mt_main)
miscutils/lib.a(nandwrite.o)  libbb/lib.a(appletlib.o) (nandwrite_main)
[...]
Memory Configuration

Name             Origin             Length             Attributes
*default*        0x0000000000000000 0xffffffffffffffff

Linker script and memory map

LOAD /usr/lib/gcc-cross/aarch64-linux-gnu/11/../../../../aarch64-linux-gnu/lib/../lib/Scrt1.o
LOAD /usr/lib/gcc-cross/aarch64-linux-gnu/11/../../../../aarch64-linux-gnu/lib/../lib/crti.o
LOAD /usr/lib/gcc-cross/aarch64-linux-gnu/11/crtbeginS.o
START GROUP
LOAD applets/built-in.o
LOAD archival/lib.a
LOAD archival/libarchive/lib.a
LOAD console-tools/lib.a
LOAD coreutils/lib.a
LOAD coreutils/libcoreutils/lib.a
LOAD debianutils/lib.a
LOAD klibc-utils/lib.a
LOAD e2fsprogs/lib.a
LOAD editors/lib.a
LOAD findutils/lib.a
LOAD init/lib.a
LOAD libbb/lib.a
LOAD libpwdgrp/lib.a
LOAD loginutils/lib.a
LOAD mailutils/lib.a
LOAD miscutils/lib.a
LOAD modutils/lib.a
LOAD networking/lib.a
LOAD networking/libiproute/lib.a
LOAD networking/udhcp/lib.a
LOAD printutils/lib.a
LOAD procps/lib.a
LOAD runit/lib.a
LOAD selinux/lib.a
LOAD shell/lib.a
LOAD sysklogd/lib.a
LOAD util-linux/lib.a
LOAD util-linux/volume_id/lib.a
LOAD archival/built-in.o
LOAD archival/libarchive/built-in.o
LOAD console-tools/built-in.o
LOAD coreutils/built-in.o
LOAD coreutils/libcoreutils/built-in.o
LOAD debianutils/built-in.o
LOAD klibc-utils/built-in.o
LOAD e2fsprogs/built-in.o
LOAD editors/built-in.o
LOAD findutils/built-in.o
LOAD init/built-in.o
LOAD libbb/built-in.o
LOAD libpwdgrp/built-in.o
LOAD loginutils/built-in.o
LOAD mailutils/built-in.o
LOAD miscutils/built-in.o
LOAD modutils/built-in.o
LOAD networking/built-in.o
LOAD networking/libiproute/built-in.o
LOAD networking/udhcp/built-in.o
LOAD printutils/built-in.o
LOAD procps/built-in.o
LOAD runit/built-in.o
LOAD selinux/built-in.o
LOAD shell/built-in.o
LOAD sysklogd/built-in.o
LOAD util-linux/built-in.o
LOAD util-linux/volume_id/built-in.o
END GROUP
START GROUP
LOAD /usr/lib/gcc-cross/aarch64-linux-gnu/11/../../../../aarch64-linux-gnu/lib/../lib/libm.so
LOAD /usr/lib/gcc-cross/aarch64-linux-gnu/11/../../../../aarch64-linux-gnu/lib/../lib/libresolv.so
END GROUP
LOAD /usr/lib/gcc-cross/aarch64-linux-gnu/11/libgcc.a
LOAD /usr/lib/gcc-cross/aarch64-linux-gnu/11/libgcc_eh.a
LOAD /usr/lib/gcc-cross/aarch64-linux-gnu/11/../../../../aarch64-linux-gnu/lib/../lib/libc.so
START GROUP
LOAD /usr/aarch64-linux-gnu/lib/libc.so.6
LOAD /usr/aarch64-linux-gnu/lib/libc_nonshared.a
LOAD /usr/aarch64-linux-gnu/lib/ld-linux-aarch64.so.1
END GROUP
LOAD /usr/lib/gcc-cross/aarch64-linux-gnu/11/libgcc.a
LOAD /usr/lib/gcc-cross/aarch64-linux-gnu/11/libgcc_eh.a
LOAD /usr/lib/gcc-cross/aarch64-linux-gnu/11/crtendS.o
LOAD /usr/lib/gcc-cross/aarch64-linux-gnu/11/../../../../aarch64-linux-gnu/lib/../lib/crtn.o
                [!provide]                        PROVIDE (__executable_start = SEGMENT_START ("text-segment", 0x0))
                0x0000000000000238                . = (SEGMENT_START ("text-segment", 0x0) + SIZEOF_HEADERS)

.interp         0x0000000000000238       0x1b
 *(SORT_BY_ALIGNMENT(.interp))
 .interp        0x0000000000000238       0x1b /usr/lib/gcc-cross/aarch64-linux-gnu/11/../../../../aarch64-linux-gnu/lib/../lib/Scrt1.o

.note.gnu.build-id
                0x0000000000000254       0x24
 *(SORT_BY_ALIGNMENT(.note.gnu.build-id))
 .note.gnu.build-id
                0x0000000000000254       0x24 /usr/lib/gcc-cross/aarch64-linux-gnu/11/../../../../aarch64-linux-gnu/lib/../lib/Scrt1.o

.note.ABI-tag   0x0000000000000278       0x20
 .note.ABI-tag  0x0000000000000278       0x20 /usr/lib/gcc-cross/aarch64-linux-gnu/11/../../../../aarch64-linux-gnu/lib/../lib/Scrt1.o

.hash
 *(SORT_BY_ALIGNMENT(.hash))

.gnu.hash       0x0000000000000298       0x1c
 *(SORT_BY_ALIGNMENT(.gnu.hash))
 .gnu.hash      0x0000000000000298       0x1c /usr/lib/gcc-cross/aarch64-linux-gnu/11/../../../../aarch64-linux-gnu/lib/../lib/Scrt1.o

.dynsym         0x00000000000002b8     0x2760
 *(SORT_BY_ALIGNMENT(.dynsym))
 .dynsym        0x00000000000002b8     0x2760 /usr/lib/gcc-cross/aarch64-linux-gnu/11/../../../../aarch64-linux-gnu/lib/../lib/Scrt1.o

.dynstr         0x0000000000002a18      0xf32
 *(SORT_BY_ALIGNMENT(.dynstr))
 .dynstr        0x0000000000002a18      0xf32 /usr/lib/gcc-cross/aarch64-linux-gnu/11/../../../../aarch64-linux-gnu/lib/../lib/Scrt1.o

.gnu.version    0x000000000000394a      0x348
 *(SORT_BY_ALIGNMENT(.gnu.version))
 .gnu.version   0x000000000000394a      0x348 /usr/lib/gcc-cross/aarch64-linux-gnu/11/../../../../aarch64-linux-gnu/lib/../lib/Scrt1.o

.gnu.version_d  0x0000000000003c98        0x0
 *(SORT_BY_ALIGNMENT(.gnu.version_d))
 .gnu.version_d
                0x0000000000003c98        0x0 /usr/lib/gcc-cross/aarch64-linux-gnu/11/../../../../aarch64-linux-gnu/lib/../lib/Scrt1.o

.gnu.version_r  0x0000000000003c98       0xe0
 *(SORT_BY_ALIGNMENT(.gnu.version_r))
 .gnu.version_r
                0x0000000000003c98       0xe0 /usr/lib/gcc-cross/aarch64-linux-gnu/11/../../../../aarch64-linux-gnu/lib/../lib/Scrt1.o

.rela.dyn       0x0000000000003d78     0x7bc0
 *(SORT_BY_ALIGNMENT(.rela.init))
 *(SORT_BY_ALIGNMENT(.rela.text) SORT_BY_ALIGNMENT(.rela.text.*) SORT_BY_ALIGNMENT(.rela.gnu.linkonce.t.*))
 *(SORT_BY_ALIGNMENT(.rela.fini))
 *(SORT_BY_ALIGNMENT(.rela.rodata) SORT_BY_ALIGNMENT(.rela.rodata.*) SORT_BY_ALIGNMENT(.rela.gnu.linkonce.r.*))
 *(SORT_BY_ALIGNMENT(.rela.data) SORT_BY_ALIGNMENT(.rela.data.*) SORT_BY_ALIGNMENT(.rela.gnu.linkonce.d.*))
 .rela.data.rel.ro
                0x0000000000003d78        0x0 /usr/lib/gcc-cross/aarch64-linux-gnu/11/../../../../aarch64-linux-gnu/lib/../lib/Scrt1.o
 .rela.data.rel.local
                0x0000000000003d78       0x18 /usr/lib/gcc-cross/aarch64-linux-gnu/11/../../../../aarch64-linux-gnu/lib/../lib/Scrt1.o
 .rela.data.rel.ro.applet_main
                0x0000000000003d90     0x25b0 /usr/lib/gcc-cross/aarch64-linux-gnu/11/../../../../aarch64-linux-gnu/lib/../lib/Scrt1.o
 .rela.data.rel.ro.local.install_dir
                0x0000000000006340       0x78 /usr/lib/gcc-cross/aarch64-linux-gnu/11/../../../../aarch64-linux-gnu/lib/../lib/Scrt1.o
 .rela.data.rel.local.msg_eol
                0x00000000000063b8       0x18 /usr/lib/gcc-cross/aarch64-linux-gnu/11/../../../../aarch64-linux-gnu/lib/../lib/Scrt1.o
 .rela.data.rel.ro.local.const_gr_db
                0x00000000000063d0       0x18 /usr/lib/gcc-cross/aarch64-linux-gnu/11/../../../../aarch64-linux-gnu/lib/../lib/Scrt1.o
 .rela.data.rel.ro.local.const_pw_db
                0x00000000000063e8       0x18 /usr/lib/gcc-cross/aarch64-linux-gnu/11/../../../../aarch64-linux-gnu/lib/../lib/Scrt1.o
 .rela.data.rel.ro.local.const_sp_db
                0x0000000000006400       0x18 /usr/lib/gcc-cross/aarch64-linux-gnu/11/../../../../aarch64-linux-gnu/lib/../lib/Scrt1.o
 .rela.data.rel.ro.local.msg.2
                0x0000000000006418       0x48 /usr/lib/gcc-cross/aarch64-linux-gnu/11/../../../../aarch64-linux-gnu/lib/../lib/Scrt1.o
 .rela.data.rel.ro.local.zxc_program_ops
                0x0000000000006460       0x90 /usr/lib/gcc-cross/aarch64-linux-gnu/11/../../../../aarch64-linux-gnu/lib/../lib/Scrt1.o
 .rela.data.rel.ro.local.SpecAry.0
                0x00000000000064f0       0xc0 /usr/lib/gcc-cross/aarch64-linux-gnu/11/../../../../aarch64-linux-gnu/lib/../lib/Scrt1.o
 .rela.data.rel.ro.local.pio_modes.3
                0x00000000000065b0       0x18 /usr/lib/gcc-cross/aarch64-linux-gnu/11/../../../../aarch64-linux-gnu/lib/../lib/Scrt1.o
 .rela.data.rel.ro.local.ultra_modes1.1
                0x00000000000065c8       0x18 /usr/lib/gcc-cross/aarch64-linux-gnu/11/../../../../aarch64-linux-gnu/lib/../lib/Scrt1.o
 .rela.data.rel.ro.local.ultra_modes2.0
                0x00000000000065e0       0x18 /usr/lib/gcc-cross/aarch64-linux-gnu/11/../../../../aarch64-linux-gnu/lib/../lib/Scrt1.o
 .rela.data.rel.ro.local.adap_descs
                0x00000000000065f8       0xc0 /usr/lib/gcc-cross/aarch64-linux-gnu/11/../../../../aarch64-linux-gnu/lib/../lib/Scrt1.o
 .rela.data.rel.ro.local.i2c_funcs_tab
                0x00000000000066b8      0x168 /usr/lib/gcc-cross/aarch64-linux-gnu/11/../../../../aarch64-linux-gnu/lib/../lib/Scrt1.o
 .rela.data.rel.ro.local.mpl.0
                0x0000000000006820       0x30 /usr/lib/gcc-cross/aarch64-linux-gnu/11/../../../../aarch64-linux-gnu/lib/../lib/Scrt1.o
 .rela.data.rel.ro.local.shortcuts
                0x0000000000006850      0x138 /usr/lib/gcc-cross/aarch64-linux-gnu/11/../../../../aarch64-linux-gnu/lib/../lib/Scrt1.o
 .rela.data.rel.ro.local.http_response
                0x0000000000006988      0x1e0 /usr/lib/gcc-cross/aarch64-linux-gnu/11/../../../../aarch64-linux-gnu/lib/../lib/Scrt1.o
 .rela.data.rel.ro.local.Arg1Opt
                0x0000000000006b68      0x180 /usr/lib/gcc-cross/aarch64-linux-gnu/11/../../../../aarch64-linux-gnu/lib/../lib/Scrt1.o
 .rela.data.rel.ro.local.OptArray
                0x0000000000006ce8      0x228 /usr/lib/gcc-cross/aarch64-linux-gnu/11/../../../../aarch64-linux-gnu/lib/../lib/Scrt1.o
 .rela.data.rel.ro.local.method_table
                0x0000000000006f10       0xf0 /usr/lib/gcc-cross/aarch64-linux-gnu/11/../../../../aarch64-linux-gnu/lib/../lib/Scrt1.o
 .rela.data.rel.ro.local.addr_fams.0
                0x0000000000007000       0x48 /usr/lib/gcc-cross/aarch64-linux-gnu/11/../../../../aarch64-linux-gnu/lib/../lib/Scrt1.o
 .rela.data.rel.ro.local.addr_inet
                0x0000000000007048       0x30 /usr/lib/gcc-cross/aarch64-linux-gnu/11/../../../../aarch64-linux-gnu/lib/../lib/Scrt1.o
 .rela.data.rel.ro.local.addr_inet6
                0x0000000000007078       0x30 /usr/lib/gcc-cross/aarch64-linux-gnu/11/../../../../aarch64-linux-gnu/lib/../lib/Scrt1.o
 .rela.data.rel.ro.local.addr_link
                0x00000000000070a8       0x30 /usr/lib/gcc-cross/aarch64-linux-gnu/11/../../../../aarch64-linux-gnu/lib/../lib/Scrt1.o
 .rela.data.rel.ro.local.link_methods
                0x00000000000070d8       0x48 /usr/lib/gcc-cross/aarch64-linux-gnu/11/../../../../aarch64-linux-gnu/lib/../lib/Scrt1.o
 .rela.data.rel.ro.local.methods
                0x0000000000007120      0x1f8 /usr/lib/gcc-cross/aarch64-linux-gnu/11/../../../../aarch64-linux-gnu/lib/../lib/Scrt1.o
 .rela.data.rel.ro.local.methods6
                0x0000000000007318      0x120 /usr/lib/gcc-cross/aarch64-linux-gnu/11/../../../../aarch64-linux-gnu/lib/../lib/Scrt1.o
 .rela.data.rel.ro.local.builtins
                0x0000000000007438       0xf0 /usr/lib/gcc-cross/aarch64-linux-gnu/11/../../../../aarch64-linux-gnu/lib/../lib/Scrt1.o
 .rela.data.rel.ro.local.aftypes
                0x0000000000007528       0x48 /usr/lib/gcc-cross/aarch64-linux-gnu/11/../../../../aarch64-linux-gnu/lib/../lib/Scrt1.o
 .rela.data.rel.ro.local.ether_hwtype
                0x0000000000007570       0x60 /usr/lib/gcc-cross/aarch64-linux-gnu/11/../../../../aarch64-linux-gnu/lib/../lib/Scrt1.o
 .rela.data.rel.ro.local.hwtypes
                0x00000000000075d0       0x90 /usr/lib/gcc-cross/aarch64-linux-gnu/11/../../../../aarch64-linux-gnu/lib/../lib/Scrt1.o
 .rela.data.rel.ro.local.ib_hwtype
                0x0000000000007660       0x60 /usr/lib/gcc-cross/aarch64-linux-gnu/11/../../../../aarch64-linux-gnu/lib/../lib/Scrt1.o
 .rela.data.rel.ro.local.if_port_text
                0x00000000000076c0       0xa8 /usr/lib/gcc-cross/aarch64-linux-gnu/11/../../../../aarch64-linux-gnu/lib/../lib/Scrt1.o
 .rela.data.rel.ro.local.inet6_aftype
                0x0000000000007768       0x60 /usr/lib/gcc-cross/aarch64-linux-gnu/11/../../../../aarch64-linux-gnu/lib/../lib/Scrt1.o
 .rela.data.rel.ro.local.inet_aftype
                0x00000000000077c8       0x60 /usr/lib/gcc-cross/aarch64-linux-gnu/11/../../../../aarch64-linux-gnu/lib/../lib/Scrt1.o
 .rela.data.rel.ro.local.loop_hwtype
                0x0000000000007828       0x30 /usr/lib/gcc-cross/aarch64-linux-gnu/11/../../../../aarch64-linux-gnu/lib/../lib/Scrt1.o
 .rela.data.rel.ro.local.ppp_hwtype
                0x0000000000007858       0x30 /usr/lib/gcc-cross/aarch64-linux-gnu/11/../../../../aarch64-linux-gnu/lib/../lib/Scrt1.o
 .rela.data.rel.ro.local.sit_hwtype
                0x0000000000007888       0x48 /usr/lib/gcc-cross/aarch64-linux-gnu/11/../../../../aarch64-linux-gnu/lib/../lib/Scrt1.o
 .rela.data.rel.ro.local.ss_fmt
                0x00000000000078d0       0x48 /usr/lib/gcc-cross/aarch64-linux-gnu/11/../../../../aarch64-linux-gnu/lib/../lib/Scrt1.o
 .rela.data.rel.ro.local.unspec_aftype
                0x0000000000007918       0x60 /usr/lib/gcc-cross/aarch64-linux-gnu/11/../../../../aarch64-linux-gnu/lib/../lib/Scrt1.o
 .rela.data.rel.ro.local.unspec_hwtype
                0x0000000000007978       0x48 /usr/lib/gcc-cross/aarch64-linux-gnu/11/../../../../aarch64-linux-gnu/lib/../lib/Scrt1.o
 .rela.data.rel.ro.local.ip_func_ptrs.0
                0x00000000000079c0       0xd8 /usr/lib/gcc-cross/aarch64-linux-gnu/11/../../../../aarch64-linux-gnu/lib/../lib/Scrt1.o
 .rela.data.rel.ro.local.long_options.0
                0x0000000000007a98       0x60 /usr/lib/gcc-cross/aarch64-linux-gnu/11/../../../../aarch64-linux-gnu/lib/../lib/Scrt1.o
 .rela.data.rel.ro.local.tcp_state
                0x0000000000007af8      0x120 /usr/lib/gcc-cross/aarch64-linux-gnu/11/../../../../aarch64-linux-gnu/lib/../lib/Scrt1.o
 .rela.data.rel.ro.local.rcodes
                0x0000000000007c18      0x180 /usr/lib/gcc-cross/aarch64-linux-gnu/11/../../../../aarch64-linux-gnu/lib/../lib/Scrt1.o
 .rela.data.rel.ro.local.ttab.0
                0x0000000000007d98      0x1c8 /usr/lib/gcc-cross/aarch64-linux-gnu/11/../../../../aarch64-linux-gnu/lib/../lib/Scrt1.o
 .rela.data.rel.ro.local.ttab6.1
                0x0000000000007f60      0x168 /usr/lib/gcc-cross/aarch64-linux-gnu/11/../../../../aarch64-linux-gnu/lib/../lib/Scrt1.o
 .rela.data.rel.ro.local.init_tab.0
                0x00000000000080c8       0xf0 /usr/lib/gcc-cross/aarch64-linux-gnu/11/../../../../aarch64-linux-gnu/lib/../lib/Scrt1.o
 .rela.data.rel.ro.local.keywords
                0x00000000000081b8      0x4c8 /usr/lib/gcc-cross/aarch64-linux-gnu/11/../../../../aarch64-linux-gnu/lib/../lib/Scrt1.o
 .rela.data.rel.ro.local.init_functions
                0x0000000000008680      0x120 /usr/lib/gcc-cross/aarch64-linux-gnu/11/../../../../aarch64-linux-gnu/lib/../lib/Scrt1.o
 .rela.data.rel.ro.local.proc_name
                0x00000000000087a0       0x90 /usr/lib/gcc-cross/aarch64-linux-gnu/11/../../../../aarch64-linux-gnu/lib/../lib/Scrt1.o
 .rela.data.rel.ro.local.out_spec
                0x0000000000008830      0x330 /usr/lib/gcc-cross/aarch64-linux-gnu/11/../../../../aarch64-linux-gnu/lib/../lib/Scrt1.o
 .rela.data.rel.local.g_parsefile
                0x0000000000008b60       0x18 /usr/lib/gcc-cross/aarch64-linux-gnu/11/../../../../aarch64-linux-gnu/lib/../lib/Scrt1.o
 .rela.data.rel.ro.local.builtintab
                0x0000000000008b78      0x858 /usr/lib/gcc-cross/aarch64-linux-gnu/11/../../../../aarch64-linux-gnu/lib/../lib/Scrt1.o
 .rela.data.rel.ro.local.null_bltin.2
                0x00000000000093d0       0x30 /usr/lib/gcc-cross/aarch64-linux-gnu/11/../../../../aarch64-linux-gnu/lib/../lib/Scrt1.o
 .rela.data.rel.ro.local.optletters_optnames
                0x0000000000009400      0x198 /usr/lib/gcc-cross/aarch64-linux-gnu/11/../../../../aarch64-linux-gnu/lib/../lib/Scrt1.o
 .rela.data.rel.ro.local.tokname_array
                0x0000000000009598      0x2d0 /usr/lib/gcc-cross/aarch64-linux-gnu/11/../../../../aarch64-linux-gnu/lib/../lib/Scrt1.o
 .rela.data.rel.ro.local.varinit_data
                0x0000000000009868      0x1c8 /usr/lib/gcc-cross/aarch64-linux-gnu/11/../../../../aarch64-linux-gnu/lib/../lib/Scrt1.o
 .rela.data.rel.ro.local.bltins1
                0x0000000000009a30      0x810 /usr/lib/gcc-cross/aarch64-linux-gnu/11/../../../../aarch64-linux-gnu/lib/../lib/Scrt1.o
 .rela.data.rel.ro.local.bltins2
                0x000000000000a240      0x120 /usr/lib/gcc-cross/aarch64-linux-gnu/11/../../../../aarch64-linux-gnu/lib/../lib/Scrt1.o
 .rela.data.rel.ro.local.encoded_dollar_at_argv.3
                0x000000000000a360       0x18 /usr/lib/gcc-cross/aarch64-linux-gnu/11/../../../../aarch64-linux-gnu/lib/../lib/Scrt1.o
 .rela.data.rel.local.facilitynames
                0x000000000000a378      0x210 /usr/lib/gcc-cross/aarch64-linux-gnu/11/../../../../aarch64-linux-gnu/lib/../lib/Scrt1.o
 .rela.data.rel.local.prioritynames
                0x000000000000a588      0x120 /usr/lib/gcc-cross/aarch64-linux-gnu/11/../../../../aarch64-linux-gnu/lib/../lib/Scrt1.o
 .rela.data.rel.ro.local.init_data
                0x000000000000a6a8       0x18 /usr/lib/gcc-cross/aarch64-linux-gnu/11/../../../../aarch64-linux-gnu/lib/../lib/Scrt1.o
 .rela.data.rel.ro.local.f_act_tab
                0x000000000000a6c0       0x60 /usr/lib/gcc-cross/aarch64-linux-gnu/11/../../../../aarch64-linux-gnu/lib/../lib/Scrt1.o
 .rela.data.rel.ro.local.f_evt_tab
                0x000000000000a720       0xd8 /usr/lib/gcc-cross/aarch64-linux-gnu/11/../../../../aarch64-linux-gnu/lib/../lib/Scrt1.o
 .rela.data.rel.ro.local.i386_sys_types
                0x000000000000a7f8      0x4b0 /usr/lib/gcc-cross/aarch64-linux-gnu/11/../../../../aarch64-linux-gnu/lib/../lib/Scrt1.o
 .rela.data.rel.ro.local.add_strings
                0x000000000000aca8       0x78 /usr/lib/gcc-cross/aarch64-linux-gnu/11/../../../../aarch64-linux-gnu/lib/../lib/Scrt1.o
 .rela.data.rel.ro.local.fs1
                0x000000000000ad20       0xa8 /usr/lib/gcc-cross/aarch64-linux-gnu/11/../../../../aarch64-linux-gnu/lib/../lib/Scrt1.o
 .rela.data.rel.ro.local.fs2
                0x000000000000adc8      0x198 /usr/lib/gcc-cross/aarch64-linux-gnu/11/../../../../aarch64-linux-gnu/lib/../lib/Scrt1.o
 .rela.data.rel.ro.local.all_control_files
                0x000000000000af60       0xf0 /usr/lib/gcc-cross/aarch64-linux-gnu/11/../../../../aarch64-linux-gnu/lib/../lib/Scrt1.o
 .rela.data.rel.ro.local.tar_var
                0x000000000000b050       0xc0 /usr/lib/gcc-cross/aarch64-linux-gnu/11/../../../../aarch64-linux-gnu/lib/../lib/Scrt1.o
 .rela.data.rel.ro.local.args.0
                0x000000000000b110       0x30 /usr/lib/gcc-cross/aarch64-linux-gnu/11/../../../../aarch64-linux-gnu/lib/../lib/Scrt1.o
 .rela.data.rel.ro.local.doux_bytes_to_XXX.5
                0x000000000000b140       0x60 /usr/lib/gcc-cross/aarch64-linux-gnu/11/../../../../aarch64-linux-gnu/lib/../lib/Scrt1.o
 .rela.data.rel.ro.local.capabilities
                0x000000000000b1a0      0x390 /usr/lib/gcc-cross/aarch64-linux-gnu/11/../../../../aarch64-linux-gnu/lib/../lib/Scrt1.o
 .rela.data.rel.ro.local.console_names.0
                0x000000000000b530       0x48 /usr/lib/gcc-cross/aarch64-linux-gnu/11/../../../../aarch64-linux-gnu/lib/../lib/Scrt1.o
 .rela.data.rel.ro.local.bb_argv_dash
                0x000000000000b578       0x18 /usr/lib/gcc-cross/aarch64-linux-gnu/11/../../../../aarch64-linux-gnu/lib/../lib/Scrt1.o
 *(SORT_BY_ALIGNMENT(.rela.tdata) SORT_BY_ALIGNMENT(.rela.tdata.*) SORT_BY_ALIGNMENT(.rela.gnu.linkonce.td.*))
 *(SORT_BY_ALIGNMENT(.rela.tbss) SORT_BY_ALIGNMENT(.rela.tbss.*) SORT_BY_ALIGNMENT(.rela.gnu.linkonce.tb.*))
 *(SORT_BY_ALIGNMENT(.rela.ctors))
 *(SORT_BY_ALIGNMENT(.rela.dtors))
 *(SORT_BY_ALIGNMENT(.rela.got))
 .rela.got      0x000000000000b590      0x378 /usr/lib/gcc-cross/aarch64-linux-gnu/11/../../../../aarch64-linux-gnu/lib/../lib/Scrt1.o
 *(SORT_BY_ALIGNMENT(.rela.bss) SORT_BY_ALIGNMENT(.rela.bss.*) SORT_BY_ALIGNMENT(.rela.gnu.linkonce.b.*))
 .rela.bss      0x000000000000b908        0x0 /usr/lib/gcc-cross/aarch64-linux-gnu/11/../../../../aarch64-linux-gnu/lib/../lib/Scrt1.o
 *(SORT_BY_ALIGNMENT(.rela.ifunc))
 .rela.ifunc    0x000000000000b908        0x0 /usr/lib/gcc-cross/aarch64-linux-gnu/11/../../../../aarch64-linux-gnu/lib/../lib/Scrt1.o
 .rela.init_array
                0x000000000000b908       0x18 /usr/lib/gcc-cross/aarch64-linux-gnu/11/../../../../aarch64-linux-gnu/lib/../lib/Scrt1.o
 .rela.fini_array
                0x000000000000b920       0x18 /usr/lib/gcc-cross/aarch64-linux-gnu/11/../../../../aarch64-linux-gnu/lib/../lib/Scrt1.o

.rela.plt       0x000000000000b938     0x2568
 *(SORT_BY_ALIGNMENT(.rela.plt))
 .rela.plt      0x000000000000b938     0x2568 /usr/lib/gcc-cross/aarch64-linux-gnu/11/../../../../aarch64-linux-gnu/lib/../lib/Scrt1.o
 *(SORT_BY_ALIGNMENT(.rela.iplt))

.init           0x000000000000dea0       0x18
 *(SORT_NONE(.init))
 .init          0x000000000000dea0       0x10 /usr/lib/gcc-cross/aarch64-linux-gnu/11/../../../../aarch64-linux-gnu/lib/../lib/crti.o
                0x000000000000dea0                _init
 .init          0x000000000000deb0        0x8 /usr/lib/gcc-cross/aarch64-linux-gnu/11/../../../../aarch64-linux-gnu/lib/../lib/crtn.o

.plt            0x000000000000dec0     0x1910
 *(SORT_BY_ALIGNMENT(.plt))
 .plt           0x000000000000dec0     0x1910 /usr/lib/gcc-cross/aarch64-linux-gnu/11/../../../../aarch64-linux-gnu/lib/../lib/Scrt1.o
 *(SORT_BY_ALIGNMENT(.iplt))

.text           0x000000000000f800    0xdf0fc
 *(SORT_BY_ALIGNMENT(.text.unlikely) SORT_BY_ALIGNMENT(.text.*_unlikely) SORT_BY_ALIGNMENT(.text.unlikely.*))
 *(SORT_BY_ALIGNMENT(.text.exit) SORT_BY_ALIGNMENT(.text.exit.*))
 *(SORT_BY_ALIGNMENT(.text.startup) SORT_BY_ALIGNMENT(.text.startup.*))
 *(SORT_BY_ALIGNMENT(.text.hot) SORT_BY_ALIGNMENT(.text.hot.*))
 *(SORT_BY_NAME(SORT_BY_ALIGNMENT(.text.sorted.*)))
 *(SORT_BY_ALIGNMENT(.text) SORT_BY_ALIGNMENT(.stub) SORT_BY_ALIGNMENT(.text.*) SORT_BY_ALIGNMENT(.gnu.linkonce.t.*))
 .text          0x000000000000f800       0x34 /usr/lib/gcc-cross/aarch64-linux-gnu/11/../../../../aarch64-linux-gnu/lib/../lib/Scrt1.o
                0x000000000000f800                _start
 *fill*         0x000000000000f834        0xc 1f2003d5
 .text          0x000000000000f840       0xc4 /usr/lib/gcc-cross/aarch64-linux-gnu/11/crtbeginS.o
 .text          0x000000000000f904       0x14 /usr/lib/gcc-cross/aarch64-linux-gnu/11/../../../../aarch64-linux-gnu/lib/../lib/crti.o
 .text.get_trimmed_slice
                0x000000000000f918       0x30 libbb/lib.a(appletlib.o)
 .text.string_array_len
                0x000000000000f948       0x20 libbb/lib.a(appletlib.o)
                0x000000000000f948                string_array_len
 .text.find_applet_by_name
                0x000000000000f968       0xac libbb/lib.a(appletlib.o)
                0x000000000000f968                find_applet_by_name
 .text.bb_show_usage
                0x000000000000fa14       0xc8 libbb/lib.a(appletlib.o)
                0x000000000000fa14                bb_show_usage
 .text.find_script_by_name
                0x000000000000fadc       0x38 libbb/lib.a(appletlib.o)
 .text.scripted_main
                0x000000000000fb14       0x34 libbb/lib.a(appletlib.o)
                0x000000000000fb14                scripted_main
 .text.parse_config_file
                0x000000000000fb48      0x330 libbb/lib.a(appletlib.o)
 .text.lbb_prepare
                0x000000000000fe78       0x24 libbb/lib.a(appletlib.o)
                0x000000000000fe78                lbb_prepare
 .text.get_script_content
                0x000000000000fe9c       0x3c libbb/lib.a(appletlib.o)
                0x000000000000fe9c                get_script_content
 .text.show_usage_if_dash_dash_help
                0x000000000000fed8       0x64 libbb/lib.a(appletlib.o)
                0x000000000000fed8                show_usage_if_dash_dash_help
 .text.run_applet_no_and_exit
                0x000000000000ff3c      0x1c0 libbb/lib.a(appletlib.o)
                0x000000000000ff3c                run_applet_no_and_exit
 .text.run_applet_and_exit
                0x00000000000100fc      0x3a4 libbb/lib.a(appletlib.o)
 .text.main     0x00000000000104a0       0x68 libbb/lib.a(appletlib.o)
                0x00000000000104a0                main
 .text.is_prefixed_with
                0x0000000000010508       0x34 libbb/lib.a(compare_string_array.o)
                0x0000000000010508                is_prefixed_with
 .text.is_suffixed_with
                0x000000000001053c       0x5c libbb/lib.a(compare_string_array.o)
                0x000000000001053c                is_suffixed_with
 .text.index_in_strings
                0x0000000000010598       0x50 libbb/lib.a(compare_string_array.o)
                0x0000000000010598                index_in_strings
 .text.index_in_substrings
                0x00000000000105e8       0x98 libbb/lib.a(compare_string_array.o)
                0x00000000000105e8                index_in_substrings
 .text.nth_string
                0x0000000000010680       0x20 libbb/lib.a(compare_string_array.o)
                0x0000000000010680                nth_string
 .text.concat_path_file
                0x00000000000106a0       0x74 libbb/lib.a(concat_path_file.o)
                0x00000000000106a0                concat_path_file
 .text.bb_basename
                0x0000000000010714       0x24 libbb/lib.a(get_last_path_component.o)
                0x0000000000010714                bb_basename
 .text.bb_get_last_path_component_nostrip
                0x0000000000010738       0x38 libbb/lib.a(get_last_path_component.o)
                0x0000000000010738                bb_get_last_path_component_nostrip
 .text.bb_get_last_path_component_strip
                0x0000000000010770       0x3c libbb/lib.a(get_last_path_component.o)
                0x0000000000010770                bb_get_last_path_component_strip
 .text.last_char_is
                0x00000000000107ac       0x30 libbb/lib.a(last_char_is.o)
                0x00000000000107ac                last_char_is
 .text.llist_add_to
                0x00000000000107dc       0x30 libbb/lib.a(llist.o)
                0x00000000000107dc                llist_add_to
 .text.llist_add_to_end
                0x000000000001080c       0x3c libbb/lib.a(llist.o)
                0x000000000001080c                llist_add_to_end
 .text.llist_pop
                0x0000000000010848       0x2c libbb/lib.a(llist.o)
                0x0000000000010848                llist_pop
 .text.llist_unlink
                0x0000000000010874       0x28 libbb/lib.a(llist.o)
                0x0000000000010874                llist_unlink
 .text.llist_free
                0x000000000001089c       0x3c libbb/lib.a(llist.o)
                0x000000000001089c                llist_free
 .text.llist_rev
                0x00000000000108d8       0x24 libbb/lib.a(llist.o)
                0x00000000000108d8                llist_rev
 .text.llist_find_str
                0x00000000000108fc       0x3c libbb/lib.a(llist.o)
                0x00000000000108fc                llist_find_str
 .text.bb_perror_msg
                0x0000000000010938       0xcc libbb/lib.a(perror_msg.o)
                0x0000000000010938                bb_perror_msg
 .text.bb_perror_msg_and_die
                0x0000000000010a04       0xa8 libbb/lib.a(perror_msg.o)
                0x0000000000010a04                bb_perror_msg_and_die
 .text.bb_simple_perror_msg
                0x0000000000010aac       0x10 libbb/lib.a(perror_msg.o)
                0x0000000000010aac                bb_simple_perror_msg
 .text.bb_simple_perror_msg_and_die
                0x0000000000010abc       0x14 libbb/lib.a(perror_msg.o)
                0x0000000000010abc                bb_simple_perror_msg_and_die
 .text.skip_whitespace
                0x0000000000010ad0       0x24 libbb/lib.a(skip_whitespace.o)
                0x0000000000010ad0                skip_whitespace
 .text.skip_non_whitespace
                0x0000000000010af4       0x28 libbb/lib.a(skip_whitespace.o)
                0x0000000000010af4                skip_non_whitespace
 .text.skip_dev_pfx
                0x0000000000010b1c       0x24 libbb/lib.a(skip_whitespace.o)
                0x0000000000010b1c                skip_dev_pfx
 .text.bb_verror_msg
                0x0000000000010b40      0x274 libbb/lib.a(verror_msg.o)
                0x0000000000010b40                bb_verror_msg
 .text.bb_error_msg_and_die
                0x0000000000010db4       0x88 libbb/lib.a(verror_msg.o)
                0x0000000000010db4                bb_error_msg_and_die
 .text.bb_error_msg
                0x0000000000010e3c       0xb0 libbb/lib.a(verror_msg.o)
                0x0000000000010e3c                bb_error_msg
 .text.bb_vinfo_msg
                0x0000000000010eec       0x38 libbb/lib.a(verror_msg.o)
                0x0000000000010eec                bb_vinfo_msg
 .text.bb_info_msg
                0x0000000000010f24       0xac libbb/lib.a(verror_msg.o)
                0x0000000000010f24                bb_info_msg
 .text.bb_simple_info_msg
                0x0000000000010fd0       0x10 libbb/lib.a(verror_msg.o)
                0x0000000000010fd0                bb_simple_info_msg
 .text.bb_simple_error_msg
                0x0000000000010fe0       0x10 libbb/lib.a(verror_msg.o)
                0x0000000000010fe0                bb_simple_error_msg
 .text.bb_simple_error_msg_and_die
                0x0000000000010ff0       0x14 libbb/lib.a(verror_msg.o)
                0x0000000000010ff0                bb_simple_error_msg_and_die
 .text.xfdopen_helper
                0x0000000000011004       0x34 libbb/lib.a(wfopen.o)
 .text.fopen_or_warn
                0x0000000000011038       0x30 libbb/lib.a(wfopen.o)
                0x0000000000011038                fopen_or_warn
 .text.fopen_for_read
                0x0000000000011068        0xc libbb/lib.a(wfopen.o)
                0x0000000000011068                fopen_for_read
 .text.xfopen_for_read
                0x0000000000011074        0xc libbb/lib.a(wfopen.o)
                0x0000000000011074                xfopen_for_read
 .text.fopen_for_write
                0x0000000000011080        0xc libbb/lib.a(wfopen.o)
                0x0000000000011080                fopen_for_write
 .text.xfopen_for_write
                0x000000000001108c        0xc libbb/lib.a(wfopen.o)
                0x000000000001108c                xfopen_for_write
 .text.xfdopen_for_read
                0x0000000000011098        0x8 libbb/lib.a(wfopen.o)
                0x0000000000011098                xfdopen_for_read
 .text.xfdopen_for_write
                0x00000000000110a0        0xc libbb/lib.a(wfopen.o)
                0x00000000000110a0                xfdopen_for_write
 .text.xfunc_die
                0x00000000000110ac       0x20 libbb/lib.a(xfunc_die.o)
                0x00000000000110ac                xfunc_die
 .text.ndelay_on
                0x00000000000110cc       0x3c libbb/lib.a(xfuncs.o)
                0x00000000000110cc                ndelay_on
 .text.ndelay_off
                0x0000000000011108       0x3c libbb/lib.a(xfuncs.o)
                0x0000000000011108                ndelay_off
 .text.close_on_exec_on
                0x0000000000011144        0xc libbb/lib.a(xfuncs.o)
                0x0000000000011144                close_on_exec_on
 .text.strncpy_IFNAMSIZ
                0x0000000000011150        0x8 libbb/lib.a(xfuncs.o)
                0x0000000000011150                strncpy_IFNAMSIZ
 .text.utoa_to_buf
                0x0000000000011158       0x64 libbb/lib.a(xfuncs.o)
                0x0000000000011158                utoa_to_buf
 .text.itoa_to_buf
                0x00000000000111bc       0x24 libbb/lib.a(xfuncs.o)
                0x00000000000111bc                itoa_to_buf
 .text.utoa     0x00000000000111e0       0x28 libbb/lib.a(xfuncs.o)
                0x00000000000111e0                utoa
 .text.itoa     0x0000000000011208       0x28 libbb/lib.a(xfuncs.o)
                0x0000000000011208                itoa
 .text.bin2hex  0x0000000000011230       0x50 libbb/lib.a(xfuncs.o)
                0x0000000000011230                bin2hex
 .text.hex2bin  0x0000000000011280       0xe8 libbb/lib.a(xfuncs.o)
                0x0000000000011280                hex2bin
 .text.bb_putchar_stderr
                0x0000000000011368       0x20 libbb/lib.a(xfuncs.o)
                0x0000000000011368                bb_putchar_stderr
 .text.full_write1_str
                0x0000000000011388       0x20 libbb/lib.a(xfuncs.o)
                0x0000000000011388                full_write1_str
 .text.full_write2_str
                0x00000000000113a8       0x20 libbb/lib.a(xfuncs.o)
                0x00000000000113a8                full_write2_str
 .text.get_terminal_width_height
                0x00000000000113c8      0x170 libbb/lib.a(xfuncs.o)
                0x00000000000113c8                get_terminal_width_height
 .text.get_terminal_width
                0x0000000000011538       0x4c libbb/lib.a(xfuncs.o)
                0x0000000000011538                get_terminal_width
 .text.is_TERM_dumb
                0x0000000000011584       0x3c libbb/lib.a(xfuncs.o)
                0x0000000000011584                is_TERM_dumb
 .text.tcsetattr_stdin_TCSANOW
                0x00000000000115c0       0x10 libbb/lib.a(xfuncs.o)
                0x00000000000115c0                tcsetattr_stdin_TCSANOW
 .text.get_termios_and_make_raw
                0x00000000000115d0       0xb0 libbb/lib.a(xfuncs.o)
                0x00000000000115d0                get_termios_and_make_raw
 .text.set_termios_to_raw
                0x0000000000011680       0x70 libbb/lib.a(xfuncs.o)
                0x0000000000011680                set_termios_to_raw
 .text.safe_waitpid
                0x00000000000116f0       0x54 libbb/lib.a(xfuncs.o)
                0x00000000000116f0                safe_waitpid
 .text.wait_any_nohang
                0x0000000000011744       0x10 libbb/lib.a(xfuncs.o)
                0x0000000000011744                wait_any_nohang
 .text.wait4pid
                0x0000000000011754       0x8c libbb/lib.a(xfuncs.o)
                0x0000000000011754                wait4pid
 .text.exit_SUCCESS
                0x00000000000117e0        0xc libbb/lib.a(xfuncs.o)
                0x00000000000117e0                exit_SUCCESS
 .text._exit_SUCCESS
                0x00000000000117ec        0xc libbb/lib.a(xfuncs.o)
                0x00000000000117ec                _exit_SUCCESS
 .text.bb_die_memory_exhausted
                0x00000000000117f8       0x10 libbb/lib.a(xfuncs_printf.o)
                0x00000000000117f8                bb_die_memory_exhausted
 .text.malloc_or_warn
                0x0000000000011808       0x3c libbb/lib.a(xfuncs_printf.o)
                0x0000000000011808                malloc_or_warn
 .text.xmalloc  0x0000000000011844       0x24 libbb/lib.a(xfuncs_printf.o)
                0x0000000000011844                xmalloc
 .text.xrealloc
                0x0000000000011868       0x24 libbb/lib.a(xfuncs_printf.o)
                0x0000000000011868                xrealloc
 .text.xzalloc  0x000000000001188c       0x30 libbb/lib.a(xfuncs_printf.o)
                0x000000000001188c                xzalloc
 .text.xstrdup  0x00000000000118bc       0x20 libbb/lib.a(xfuncs_printf.o)
                0x00000000000118bc                xstrdup
 .text.xstrndup
                0x00000000000118dc       0x18 libbb/lib.a(xfuncs_printf.o)
                0x00000000000118dc                xstrndup
 .text.xmemdup  0x00000000000118f4       0x2c libbb/lib.a(xfuncs_printf.o)
                0x00000000000118f4                xmemdup
 .text.mmap_read
                0x0000000000011920       0x18 libbb/lib.a(xfuncs_printf.o)
                0x0000000000011920                mmap_read
 .text.mmap_anon
                0x0000000000011938       0x1c libbb/lib.a(xfuncs_printf.o)
                0x0000000000011938                mmap_anon
 .text.xmmap_anon
                0x0000000000011954       0x1c libbb/lib.a(xfuncs_printf.o)
                0x0000000000011954                xmmap_anon
 .text.xfopen   0x0000000000011970       0x28 libbb/lib.a(xfuncs_printf.o)
                0x0000000000011970                xfopen
 .text.xopen3   0x0000000000011998       0x28 libbb/lib.a(xfuncs_printf.o)
                0x0000000000011998                xopen3
 .text.xopen    0x00000000000119c0        0x8 libbb/lib.a(xfuncs_printf.o)
                0x00000000000119c0                xopen
 .text.open3_or_warn
                0x00000000000119c8       0x38 libbb/lib.a(xfuncs_printf.o)
                0x00000000000119c8                open3_or_warn
 .text.open_or_warn
                0x0000000000011a00        0x8 libbb/lib.a(xfuncs_printf.o)
                0x0000000000011a00                open_or_warn
 .text.xopen_nonblocking
                0x0000000000011a08        0x8 libbb/lib.a(xfuncs_printf.o)
                0x0000000000011a08                xopen_nonblocking
 .text.xunlink  0x0000000000011a10       0x28 libbb/lib.a(xfuncs_printf.o)
                0x0000000000011a10                xunlink
 .text.xrename  0x0000000000011a38       0x38 libbb/lib.a(xfuncs_printf.o)
                0x0000000000011a38                xrename
 .text.rename_or_warn
                0x0000000000011a70       0x40 libbb/lib.a(xfuncs_printf.o)
                0x0000000000011a70                rename_or_warn
 .text.xpipe    0x0000000000011ab0       0x20 libbb/lib.a(xfuncs_printf.o)
                0x0000000000011ab0                xpipe
 .text.xdup2    0x0000000000011ad0       0x28 libbb/lib.a(xfuncs_printf.o)
                0x0000000000011ad0                xdup2
 .text.xmove_fd
                0x0000000000011af8       0x24 libbb/lib.a(xfuncs_printf.o)
                0x0000000000011af8                xmove_fd
 .text.xwrite   0x0000000000011b1c       0x40 libbb/lib.a(xfuncs_printf.o)
                0x0000000000011b1c                xwrite
 .text.xwrite_str
                0x0000000000011b5c       0x30 libbb/lib.a(xfuncs_printf.o)
                0x0000000000011b5c                xwrite_str
 .text.xclose   0x0000000000011b8c       0x20 libbb/lib.a(xfuncs_printf.o)
                0x0000000000011b8c                xclose
 .text.xlseek   0x0000000000011bac       0x3c libbb/lib.a(xfuncs_printf.o)
                0x0000000000011bac                xlseek
 .text.xmkstemp
                0x0000000000011be8       0x28 libbb/lib.a(xfuncs_printf.o)
                0x0000000000011be8                xmkstemp
 .text.die_if_ferror
                0x0000000000011c10       0x28 libbb/lib.a(xfuncs_printf.o)
                0x0000000000011c10                die_if_ferror
 .text.die_if_ferror_stdout
                0x0000000000011c38       0x18 libbb/lib.a(xfuncs_printf.o)
                0x0000000000011c38                die_if_ferror_stdout
 .text.fflush_all
                0x0000000000011c50        0x8 libbb/lib.a(xfuncs_printf.o)
                0x0000000000011c50                fflush_all
 .text.bb_putchar
                0x0000000000011c58        0x4 libbb/lib.a(xfuncs_printf.o)
                0x0000000000011c58                bb_putchar
 .text.fputs_stdout
                0x0000000000011c5c       0x10 libbb/lib.a(xfuncs_printf.o)
                0x0000000000011c5c                fputs_stdout
 .text.xprint_and_close_file
                0x0000000000011c6c       0x34 libbb/lib.a(xfuncs_printf.o)
                0x0000000000011c6c                xprint_and_close_file
 .text.xasprintf
                0x0000000000011ca0       0xcc libbb/lib.a(xfuncs_printf.o)
                0x0000000000011ca0                xasprintf
 .text.xsetenv  0x0000000000011d6c       0x1c libbb/lib.a(xfuncs_printf.o)
                0x0000000000011d6c                xsetenv
 .text.bb_unsetenv
                0x0000000000011d88       0xac libbb/lib.a(xfuncs_printf.o)
                0x0000000000011d88                bb_unsetenv
 .text.bb_unsetenv_and_free
                0x0000000000011e34       0x18 libbb/lib.a(xfuncs_printf.o)
                0x0000000000011e34                bb_unsetenv_and_free
 .text.xsetgid  0x0000000000011e4c       0x20 libbb/lib.a(xfuncs_printf.o)
                0x0000000000011e4c                xsetgid
 .text.xsetuid  0x0000000000011e6c       0x20 libbb/lib.a(xfuncs_printf.o)
                0x0000000000011e6c                xsetuid
 .text.xsetegid
                0x0000000000011e8c       0x20 libbb/lib.a(xfuncs_printf.o)
                0x0000000000011e8c                xsetegid
 .text.xseteuid
                0x0000000000011eac       0x20 libbb/lib.a(xfuncs_printf.o)
                0x0000000000011eac                xseteuid
 .text.xopen_as_uid_gid
                0x0000000000011ecc       0x78 libbb/lib.a(xfuncs_printf.o)
                0x0000000000011ecc                xopen_as_uid_gid
 .text.chdir_or_warn
                0x0000000000011f44       0x38 libbb/lib.a(xfuncs_printf.o)
                0x0000000000011f44                chdir_or_warn
 .text.xchdir   0x0000000000011f7c       0x18 libbb/lib.a(xfuncs_printf.o)
                0x0000000000011f7c                xchdir
 .text.xfchdir  0x0000000000011f94       0x20 libbb/lib.a(xfuncs_printf.o)
                0x0000000000011f94                xfchdir
 .text.xchroot  0x0000000000011fb4       0x30 libbb/lib.a(xfuncs_printf.o)
                0x0000000000011fb4                xchroot
 .text.warn_opendir
                0x0000000000011fe4       0x38 libbb/lib.a(xfuncs_printf.o)
                0x0000000000011fe4                warn_opendir
 .text.xopendir
                0x000000000001201c       0x28 libbb/lib.a(xfuncs_printf.o)
                0x000000000001201c                xopendir
 .text.xsocket  0x0000000000012044       0x20 libbb/lib.a(xfuncs_printf.o)
                0x0000000000012044                xsocket
 .text.xbind    0x0000000000012064       0x20 libbb/lib.a(xfuncs_printf.o)
                0x0000000000012064                xbind
 .text.xlisten  0x0000000000012084       0x20 libbb/lib.a(xfuncs_printf.o)
                0x0000000000012084                xlisten
 .text.xsendto  0x00000000000120a4       0x2c libbb/lib.a(xfuncs_printf.o)
                0x00000000000120a4                xsendto
 .text.xstat    0x00000000000120d0       0x28 libbb/lib.a(xfuncs_printf.o)
                0x00000000000120d0                xstat
 .text.xfstat   0x00000000000120f8       0x20 libbb/lib.a(xfuncs_printf.o)
                0x00000000000120f8                xfstat
 .text.ioctl_or_perror_and_die
                0x0000000000012118       0xc8 libbb/lib.a(xfuncs_printf.o)
                0x0000000000012118                ioctl_or_perror_and_die
 .text.ioctl_or_perror
                0x00000000000121e0       0xd4 libbb/lib.a(xfuncs_printf.o)
                0x00000000000121e0                ioctl_or_perror
 .text.bb_ioctl_or_warn
                0x00000000000122b4       0x34 libbb/lib.a(xfuncs_printf.o)
                0x00000000000122b4                bb_ioctl_or_warn
 .text.bb_xioctl
                0x00000000000122e8       0x24 libbb/lib.a(xfuncs_printf.o)
                0x00000000000122e8                bb_xioctl
 .text.xmalloc_ttyname
                0x000000000001230c       0x64 libbb/lib.a(xfuncs_printf.o)
                0x000000000001230c                xmalloc_ttyname
 .text.generate_uuid
                0x0000000000012370       0x90 libbb/lib.a(xfuncs_printf.o)
                0x0000000000012370                generate_uuid
 .text.xfork    0x0000000000012400       0x20 libbb/lib.a(xfuncs_printf.o)
                0x0000000000012400                xfork
 .text.wait_for_exitstatus
                0x0000000000012420       0x5c libbb/lib.a(xfuncs_printf.o)
                0x0000000000012420                wait_for_exitstatus
 .text.xvfork_parent_waits_and_exits
                0x000000000001247c       0x54 libbb/lib.a(xfuncs_printf.o)
                0x000000000001247c                xvfork_parent_waits_and_exits
 .text.xsettimeofday
                0x00000000000124d0       0x24 libbb/lib.a(xfuncs_printf.o)
                0x00000000000124d0                xsettimeofday
 .text.xgettimeofday
                0x00000000000124f4        0x8 libbb/lib.a(xfuncs_printf.o)
                0x00000000000124f4                xgettimeofday
 .text.xmalloc_readlink
                0x00000000000124fc       0x70 libbb/lib.a(xreadlink.o)
                0x00000000000124fc                xmalloc_readlink
 .text.xmalloc_follow_symlinks
                0x000000000001256c       0xc8 libbb/lib.a(xreadlink.o)
                0x000000000001256c                xmalloc_follow_symlinks
 .text.xmalloc_readlink_or_warn
                0x0000000000012634       0x60 libbb/lib.a(xreadlink.o)
                0x0000000000012634                xmalloc_readlink_or_warn
 .text.xmalloc_realpath
                0x0000000000012694        0x8 libbb/lib.a(xreadlink.o)
                0x0000000000012694                xmalloc_realpath
 .text.xmalloc_realpath_coreutils
                0x000000000001269c      0x18c libbb/lib.a(xreadlink.o)
                0x000000000001269c                xmalloc_realpath_coreutils
 .text.bb_full_fd_action
                0x0000000000012828      0x184 libbb/lib.a(copyfd.o)
 .text.bb_copyfd_size
                0x00000000000129ac       0x10 libbb/lib.a(copyfd.o)
                0x00000000000129ac                bb_copyfd_size
 .text.bb_copyfd_exact_size
                0x00000000000129bc       0x3c libbb/lib.a(copyfd.o)
                0x00000000000129bc                bb_copyfd_exact_size
 .text.bb_copyfd_eof
                0x00000000000129f8        0x8 libbb/lib.a(copyfd.o)
                0x00000000000129f8                bb_copyfd_eof
 .text.full_write
                0x0000000000012a00       0x60 libbb/lib.a(full_write.o)
                0x0000000000012a00                full_write
 .text.safe_read
                0x0000000000012a60       0x58 libbb/lib.a(read.o)
                0x0000000000012a60                safe_read
 .text.full_read
                0x0000000000012ab8       0x68 libbb/lib.a(read.o)
                0x0000000000012ab8                full_read
 .text.read_close
                0x0000000000012b20       0x2c libbb/lib.a(read.o)
                0x0000000000012b20                read_close
 .text.open_read_close
                0x0000000000012b4c       0x40 libbb/lib.a(read.o)
                0x0000000000012b4c                open_read_close
 .text.safe_write
                0x0000000000012b8c       0x58 libbb/lib.a(safe_write.o)
                0x0000000000012b8c                safe_write
 .text.record_signo
                0x0000000000012be4        0xc libbb/lib.a(signals.o)
                0x0000000000012be4                record_signo
 .text.sigaction_set
                0x0000000000012bf0        0x8 libbb/lib.a(signals.o)
                0x0000000000012bf0                sigaction_set
 .text.sigprocmask_allsigs
                0x0000000000012bf8       0x68 libbb/lib.a(signals.o)
                0x0000000000012bf8                sigprocmask_allsigs
 .text.sigprocmask2
                0x0000000000012c60        0x8 libbb/lib.a(signals.o)
                0x0000000000012c60                sigprocmask2
 .text.bb_signals
                0x0000000000012c68       0x54 libbb/lib.a(signals.o)
                0x0000000000012c68                bb_signals
 .text.bb_signals_norestart
                0x0000000000012cbc       0x9c libbb/lib.a(signals.o)
                0x0000000000012cbc                bb_signals_norestart
 .text.sig_block
                0x0000000000012d58       0x74 libbb/lib.a(signals.o)
                0x0000000000012d58                sig_block
 .text.sig_unblock
                0x0000000000012dcc       0x74 libbb/lib.a(signals.o)
                0x0000000000012dcc                sig_unblock
 .text.wait_for_any_sig
                0x0000000000012e40       0x54 libbb/lib.a(signals.o)
                0x0000000000012e40                wait_for_any_sig
 .text.kill_myself_with_sig
                0x0000000000012e94       0x28 libbb/lib.a(signals.o)
                0x0000000000012e94                kill_myself_with_sig
 .text.signal_SA_RESTART_empty_mask
                0x0000000000012ebc       0x74 libbb/lib.a(signals.o)
                0x0000000000012ebc                signal_SA_RESTART_empty_mask
 .text.signal_no_SA_RESTART_empty_mask
                0x0000000000012f30       0x6c libbb/lib.a(signals.o)
                0x0000000000012f30                signal_no_SA_RESTART_empty_mask
 .text.get_mono
                0x0000000000012f9c       0x28 libbb/lib.a(time.o)
 .text.parse_datestr
                0x0000000000012fc4      0x3c4 libbb/lib.a(time.o)
                0x0000000000012fc4                parse_datestr
 .text.validate_tm_time
                0x0000000000013388       0x30 libbb/lib.a(time.o)
                0x0000000000013388                validate_tm_time
 .text.strftime_HHMMSS
                0x00000000000133b8       0x88 libbb/lib.a(time.o)
                0x00000000000133b8                strftime_HHMMSS
 .text.strftime_YYYYMMDDHHMMSS
                0x0000000000013440       0x88 libbb/lib.a(time.o)
                0x0000000000013440                strftime_YYYYMMDDHHMMSS
 .text.monotonic_us
                0x00000000000134c8       0x64 libbb/lib.a(time.o)
                0x00000000000134c8                monotonic_us
 .text.monotonic_ms
                0x000000000001352c       0x64 libbb/lib.a(time.o)
                0x000000000001352c                monotonic_ms
 .text.monotonic_sec
                0x0000000000013590       0x4c libbb/lib.a(time.o)
                0x0000000000013590                monotonic_sec
 .text.xrealloc_getcwd_or_warn
                0x00000000000135dc       0x94 libbb/lib.a(xgetcwd.o)
                0x00000000000135dc                xrealloc_getcwd_or_warn
 .text.handle_errors.isra.0
                0x0000000000013670       0x58 libbb/lib.a(bb_strtonum.o)
 .text.bb_strtoull
                0x00000000000136c8       0xa4 libbb/lib.a(bb_strtonum.o)
                0x00000000000136c8                bb_strtoull
 .text.bb_strtoll
                0x000000000001376c       0xb0 libbb/lib.a(bb_strtonum.o)
                0x000000000001376c                bb_strtoll
 .text.bb_strtou
                0x000000000001381c       0xb8 libbb/lib.a(bb_strtonum.o)
                0x000000000001381c                bb_strtou
 .text.bb_strtoi
                0x00000000000138d4       0xd0 libbb/lib.a(bb_strtonum.o)
                0x00000000000138d4                bb_strtoi
 .text.get_S    0x00000000000139a4       0x58 libpwdgrp/lib.a(pwd_grp.o)
 .text.tokenize
                0x00000000000139fc       0xc8 libpwdgrp/lib.a(pwd_grp.o)
 .text.parse_common
                0x0000000000013ac4      0x138 libpwdgrp/lib.a(pwd_grp.o)
 .text.parse_file
                0x0000000000013bfc       0x5c libpwdgrp/lib.a(pwd_grp.o)
 .text.convert_to_struct
                0x0000000000013c58      0x158 libpwdgrp/lib.a(pwd_grp.o)
 .text.massage_data_for_r_func
                0x0000000000013db0       0x90 libpwdgrp/lib.a(pwd_grp.o)
 .text.massage_data_for_non_r_func
                0x0000000000013e40       0x7c libpwdgrp/lib.a(pwd_grp.o)
 .text.getXXnam
                0x0000000000013ebc       0x44 libpwdgrp/lib.a(pwd_grp.o)
 .text.getgrouplist_internal
                0x0000000000013f00      0x144 libpwdgrp/lib.a(pwd_grp.o)
 .text.bb_internal_getspnam_r
                0x0000000000014044       0x5c libpwdgrp/lib.a(pwd_grp.o)
                0x0000000000014044                bb_internal_getspnam_r
 .text.bb_internal_getpwent
                0x00000000000140a0       0x58 libpwdgrp/lib.a(pwd_grp.o)
                0x00000000000140a0                bb_internal_getpwent
 .text.bb_internal_getpwnam
                0x00000000000140f8        0x8 libpwdgrp/lib.a(pwd_grp.o)
                0x00000000000140f8                bb_internal_getpwnam
 .text.bb_internal_getgrnam
                0x0000000000014100        0x8 libpwdgrp/lib.a(pwd_grp.o)
                0x0000000000014100                bb_internal_getgrnam
 .text.bb_internal_getpwuid
                0x0000000000014108       0x14 libpwdgrp/lib.a(pwd_grp.o)
                0x0000000000014108                bb_internal_getpwuid
 .text.bb_internal_getgrgid
                0x000000000001411c       0x14 libpwdgrp/lib.a(pwd_grp.o)
                0x000000000001411c                bb_internal_getgrgid
 .text.bb_internal_endpwent
                0x0000000000014130       0x2c libpwdgrp/lib.a(pwd_grp.o)
                0x0000000000014130                bb_internal_endpwent
 .text.bb_internal_setpwent
                0x000000000001415c       0x1c libpwdgrp/lib.a(pwd_grp.o)
                0x000000000001415c                bb_internal_setpwent
 .text.bb_internal_endgrent
                0x0000000000014178       0x2c libpwdgrp/lib.a(pwd_grp.o)
                0x0000000000014178                bb_internal_endgrent
 .text.bb_internal_initgroups
                0x00000000000141a4       0x70 libpwdgrp/lib.a(pwd_grp.o)
                0x00000000000141a4                bb_internal_initgroups
 .text.bb_internal_getgrouplist
                0x0000000000014214       0x6c libpwdgrp/lib.a(pwd_grp.o)
                0x0000000000014214                bb_internal_getgrouplist
 .text.get_uidgid
                0x0000000000014280      0x170 libpwdgrp/lib.a(uidgid_get.o)
                0x0000000000014280                get_uidgid
 .text.xget_uidgid
                0x00000000000143f0       0x28 libpwdgrp/lib.a(uidgid_get.o)
                0x00000000000143f0                xget_uidgid
 .text.parse_chown_usergroup_or_die
                0x0000000000014418       0xa4 libpwdgrp/lib.a(uidgid_get.o)
                0x0000000000014418                parse_chown_usergroup_or_die
 .text.add_remove_shell_main
                0x00000000000144bc      0x1ac loginutils/lib.a(add-remove-shell.o)
                0x00000000000144bc                add_remove_shell_main
 .text.addgroup_main
                0x0000000000014668      0x234 loginutils/lib.a(addgroup.o)
                0x0000000000014668                addgroup_main
 .text.addgroup_wrapper
                0x000000000001489c       0xa4 loginutils/lib.a(adduser.o)
 .text.adduser_main
                0x0000000000014940      0x3d0 loginutils/lib.a(adduser.o)
                0x0000000000014940                adduser_main
 .text.chpasswd_main
                0x0000000000014d10      0x1d0 loginutils/lib.a(chpasswd.o)
                0x0000000000014d10                chpasswd_main
 .text.cryptpw_main
                0x0000000000014ee0      0x13c loginutils/lib.a(cryptpw.o)
                0x0000000000014ee0                cryptpw_main
 *fill*         0x000000000001501c        0x4 1f2003d5
 .text.cryptpw_main.stub
                0x0000000000015020       0x10 linker stubs
 .text.deluser_main
                0x0000000000016020      0x210 loginutils/lib.a(deluser.o)
                0x0000000000016020                deluser_main
 .text.sleep10  0x0000000000016230        0x8 loginutils/lib.a(getty.o)
 .text.bcode    0x0000000000016238       0x24 loginutils/lib.a(getty.o)
 .text.set_tty_attrs
                0x000000000001625c       0x2c loginutils/lib.a(getty.o)
 .text.finalize_tty_attrs
                0x0000000000016288       0x70 loginutils/lib.a(getty.o)
 .text.alarm_handler
                0x00000000000162f8        0xc loginutils/lib.a(getty.o)
 .text.getty_main
                0x0000000000016304      0x72c loginutils/lib.a(getty.o)
                0x0000000000016304                getty_main
 .text.alarm_handler
                0x0000000000016a30       0x40 loginutils/lib.a(login.o)
 .text.login_main
                0x0000000000016a70      0x540 loginutils/lib.a(login.o)
                0x0000000000016a70                login_main
 .text.passwd_main
                0x0000000000016fb0      0x448 loginutils/lib.a(passwd.o)
                0x0000000000016fb0                passwd_main
 .text.su_main  0x00000000000173f8      0x238 loginutils/lib.a(su.o)
                0x00000000000173f8                su_main
 .text.sulogin_main
                0x0000000000017630      0x1d4 loginutils/lib.a(sulogin.o)
                0x0000000000017630                sulogin_main
 .text.acquire_vt
                0x0000000000017804       0x10 loginutils/lib.a(vlock.o)
 .text.release_vt
                0x0000000000017814       0x1c loginutils/lib.a(vlock.o)
 .text.vlock_main
                0x0000000000017830      0x1bc loginutils/lib.a(vlock.o)
                0x0000000000017830                vlock_main
 .text.makemime_main
                0x00000000000179ec      0x1c0 mailutils/lib.a(makemime.o)
                0x00000000000179ec                makemime_main
 .text.pop3_checkr
                0x0000000000017bac       0xa4 mailutils/lib.a(popmaildir.o)
 .text.popmaildir_main
                0x0000000000017c50      0x418 mailutils/lib.a(popmaildir.o)
                0x0000000000017c50                popmaildir_main
 .text.find_token
                0x0000000000018068       0x54 mailutils/lib.a(reformime.o)
 .text.parse    0x00000000000180bc      0x4ac mailutils/lib.a(reformime.o)
 .text.reformime_main
                0x0000000000018568       0xcc mailutils/lib.a(reformime.o)
                0x0000000000018568                reformime_main
 .text.smtp_checkp
                0x0000000000018634       0xec mailutils/lib.a(sendmail.o)
 .text.rcptto   0x0000000000018720       0x48 mailutils/lib.a(sendmail.o)
 .text.smtp_check
                0x0000000000018768        0xc mailutils/lib.a(sendmail.o)
 .text.sane_address
                0x0000000000018774       0x80 mailutils/lib.a(sendmail.o)
 .text.angle_address
                0x00000000000187f4       0x50 mailutils/lib.a(sendmail.o)
 .text.rcptto_list
                0x0000000000018844       0xa0 mailutils/lib.a(sendmail.o)
 .text.sendmail_main
                0x00000000000188e4      0x618 mailutils/lib.a(sendmail.o)
                0x00000000000188e4                sendmail_main
 .text.signal_handler
                0x0000000000018efc       0x88 mailutils/lib.a(mail.o)
 .text.encode_n_base64
                0x0000000000018f84      0x174 mailutils/lib.a(mail.o)
 .text.launch_helper
                0x00000000000190f8      0x104 mailutils/lib.a(mail.o)
                0x00000000000190f8                launch_helper
 .text.send_r_n
                0x00000000000191fc       0x40 mailutils/lib.a(mail.o)
                0x00000000000191fc                send_r_n
 .text.send_mail_command
                0x000000000001923c       0x50 mailutils/lib.a(mail.o)
                0x000000000001923c                send_mail_command
 .text.printstr_base64
                0x000000000001928c       0x20 mailutils/lib.a(mail.o)
                0x000000000001928c                printstr_base64
 .text.printbuf_base64
                0x00000000000192ac       0x10 mailutils/lib.a(mail.o)
                0x00000000000192ac                printbuf_base64
 .text.printfile_base64
                0x00000000000192bc        0xc mailutils/lib.a(mail.o)
                0x00000000000192bc                printfile_base64
 .text.get_cred_or_die
                0x00000000000192c8       0x98 mailutils/lib.a(mail.o)
                0x00000000000192c8                get_cred_or_die
 .text.adjtimex_main
                0x0000000000019360      0x1fc miscutils/lib.a(adjtimex.o)
                0x0000000000019360                adjtimex_main
 .text.ascii_main
                0x000000000001955c      0x138 miscutils/lib.a(ascii.o)
                0x000000000001955c                ascii_main
 .text.bc_vec_pop
                0x0000000000019694       0x2c miscutils/lib.a(bc.o)
 .text.bc_vec_npop
                0x00000000000196c0       0x54 miscutils/lib.a(bc.o)
 .text.bc_vec_pop_all
                0x0000000000019714        0x8 miscutils/lib.a(bc.o)
 .text.bc_vec_item_rev
                0x000000000001971c       0x1c miscutils/lib.a(bc.o)
 .text.bc_vec_top
                0x0000000000019738       0x18 miscutils/lib.a(bc.o)
 .text.xc_program_func
                0x0000000000019750       0x18 miscutils/lib.a(bc.o)
 .text.bc_program_current_func
                0x0000000000019768       0x20 miscutils/lib.a(bc.o)
 .text.xc_program_str
                0x0000000000019788       0x4c miscutils/lib.a(bc.o)
 .text.bc_num_one
                0x00000000000197d4       0x18 miscutils/lib.a(bc.o)
 .text.bc_num_subArrays
                0x00000000000197ec       0x4c miscutils/lib.a(bc.o)
 .text.BC_NUM_MREQ
                0x0000000000019838       0x2c miscutils/lib.a(bc.o)
 .text.bc_num_cmp
                0x0000000000019864      0x124 miscutils/lib.a(bc.o)
 .text.bc_num_clean
                0x0000000000019988       0x3c miscutils/lib.a(bc.o)
 .text.xc_lex_lineComment
                0x00000000000199c4       0x34 miscutils/lib.a(bc.o)
 .text.xc_lex_whitespace
                0x00000000000199f8       0x44 miscutils/lib.a(bc.o)
 .text.parse_lex_by_checking_eq_sign
                0x0000000000019a3c       0x30 miscutils/lib.a(bc.o)
 .text.xc_program_reset
                0x0000000000019a6c       0x4c miscutils/lib.a(bc.o)
 .text.bc_parse_inst_isLeaf
                0x0000000000019ab8       0x24 miscutils/lib.a(bc.o)
 .text.rewrite_label_to_current
                0x0000000000019adc       0x24 miscutils/lib.a(bc.o)
 .text.xc_program_index
                0x0000000000019b00       0x5c miscutils/lib.a(bc.o)
 .text.bc_vec_init
                0x0000000000019b5c       0x28 miscutils/lib.a(bc.o)
 .text.bc_char_vec_init
                0x0000000000019b84        0xc miscutils/lib.a(bc.o)
 .text.bc_func_init
                0x0000000000019b90       0x6c miscutils/lib.a(bc.o)
 .text.bc_num_init
                0x0000000000019bfc       0x38 miscutils/lib.a(bc.o)
 .text.bc_num_init_DEF_SIZE
                0x0000000000019c34        0x8 miscutils/lib.a(bc.o)
 .text.bc_num_free
                0x0000000000019c3c        0x8 miscutils/lib.a(bc.o)
 .text.bc_result_free
                0x0000000000019c44       0x30 miscutils/lib.a(bc.o)
 .text.bc_string_free
                0x0000000000019c74        0x8 miscutils/lib.a(bc.o)
 .text.bc_vec_free
                0x0000000000019c7c       0x18 miscutils/lib.a(bc.o)
 .text.bc_func_free
                0x0000000000019c94       0x30 miscutils/lib.a(bc.o)
 .text.xc_parse_free
                0x0000000000019cc4       0x30 miscutils/lib.a(bc.o)
 .text.bc_id_free
                0x0000000000019cf4        0x8 miscutils/lib.a(bc.o)
 .text.xc_parse_create
                0x0000000000019cfc       0x78 miscutils/lib.a(bc.o)
 .text.bc_map_find_ge
                0x0000000000019d74       0x78 miscutils/lib.a(bc.o)
 .text.bc_vec_grow
                0x0000000000019dec       0x50 miscutils/lib.a(bc.o)
 .text.bc_vec_expand
                0x0000000000019e3c       0x40 miscutils/lib.a(bc.o)
 .text.bc_num_expand
                0x0000000000019e7c       0x44 miscutils/lib.a(bc.o)
 .text.bc_num_ulong2num
                0x0000000000019ec0       0x64 miscutils/lib.a(bc.o)
 .text.bc_num_truncate
                0x0000000000019f24       0x30 miscutils/lib.a(bc.o)
 .text.bc_vec_npush
                0x0000000000019f54       0x5c miscutils/lib.a(bc.o)
 .text.bc_vec_push
                0x0000000000019fb0        0xc miscutils/lib.a(bc.o)
 .text.xc_program_add_fn
                0x0000000000019fbc       0x60 miscutils/lib.a(bc.o)
 .text.bc_array_expand
                0x000000000001a01c       0xb4 miscutils/lib.a(bc.o)
 .text.bc_array_init
                0x000000000001a0d0       0x3c miscutils/lib.a(bc.o)
 .text.bc_num_extend
                0x000000000001a10c       0x70 miscutils/lib.a(bc.o)
 .text.bc_num_retireMul
                0x000000000001a17c       0x58 miscutils/lib.a(bc.o)
 .text.bc_args  0x000000000001a1d4       0xbc miscutils/lib.a(bc.o)
 .text.bc_verror_msg
                0x000000000001a290       0x84 miscutils/lib.a(bc.o)
 .text.zbc_posix_error_fmt
                0x000000000001a314       0xe4 miscutils/lib.a(bc.o)
 .text.bc_error_fmt
                0x000000000001a3f8       0xc8 miscutils/lib.a(bc.o)
 .text.bc_error
                0x000000000001a4c0       0x10 miscutils/lib.a(bc.o)
 .text.zbc_func_insert
                0x000000000001a4d0       0xe8 miscutils/lib.a(bc.o)
 .text.zbc_num_shift
                0x000000000001a5b8       0x74 miscutils/lib.a(bc.o)
 .text.bc_error_variable_is_wrong_type
                0x000000000001a62c        0xc miscutils/lib.a(bc.o)
 .text.zbc_num_ulong_abs
                0x000000000001a638       0x4c miscutils/lib.a(bc.o)
 .text.zbc_num_ulong
                0x000000000001a684       0x18 miscutils/lib.a(bc.o)
 .text.bc_error_stack_has_too_few_elements
                0x000000000001a69c        0xc miscutils/lib.a(bc.o)
 .text.bad_input_byte
                0x000000000001a6a8       0x50 miscutils/lib.a(bc.o)
 .text.bc_error_bad_character
                0x000000000001a6f8       0x20 miscutils/lib.a(bc.o)
 .text.xc_program_name
                0x000000000001a718       0x38 miscutils/lib.a(bc.o)
 .text.xc_parse_pushName
                0x000000000001a750       0x5c miscutils/lib.a(bc.o)
 .text.bc_num_copy
                0x000000000001a7ac       0x4c miscutils/lib.a(bc.o)
 .text.zbc_num_a
                0x000000000001a7f8      0x190 miscutils/lib.a(bc.o)
 .text.bc_num_init_and_copy
                0x000000000001a988       0x2c miscutils/lib.a(bc.o)
 .text.zbc_num_s
                0x000000000001a9b4      0x120 miscutils/lib.a(bc.o)
 .text.bc_num_split
                0x000000000001aad4       0x88 miscutils/lib.a(bc.o)
 .text.fflush_and_check
                0x000000000001ab5c       0x44 miscutils/lib.a(bc.o)
 .text.quit     0x000000000001aba0       0x30 miscutils/lib.a(bc.o)
 .text.bc_error_at
                0x000000000001abd0       0x60 miscutils/lib.a(bc.o)
 .text.bc_error_bad_expression
                0x000000000001ac30        0xc miscutils/lib.a(bc.o)
 .text.bc_error_bad_token
                0x000000000001ac3c        0xc miscutils/lib.a(bc.o)
 .text.bc_num_printNewline
                0x000000000001ac48       0x38 miscutils/lib.a(bc.o)
 .text.bc_num_printHex
                0x000000000001ac80       0x64 miscutils/lib.a(bc.o)
 .text.bc_num_printDigits
                0x000000000001ace4       0xc4 miscutils/lib.a(bc.o)
 .text.dc_num_printChar
                0x000000000001ada8       0x2c miscutils/lib.a(bc.o)
 .text.zbc_num_binary
                0x000000000001add4       0xfc miscutils/lib.a(bc.o)
 .text.zbc_num_mul
                0x000000000001aed0       0x3c miscutils/lib.a(bc.o)
 .text.zbc_num_sub
                0x000000000001af0c       0x50 miscutils/lib.a(bc.o)
 .text.zbc_num_div
                0x000000000001af5c       0x3c miscutils/lib.a(bc.o)
 .text.zbc_num_mod
                0x000000000001af98       0x3c miscutils/lib.a(bc.o)
 .text.zbc_num_pow
                0x000000000001afd4       0x1c miscutils/lib.a(bc.o)
 .text.xc_program_dereference.isra.0
                0x000000000001aff0       0x88 miscutils/lib.a(bc.o)
 .text.bc_vec_pushZeroByte.isra.0
                0x000000000001b078        0xc miscutils/lib.a(bc.o)
 .text.bc_vec_string
                0x000000000001b084       0x48 miscutils/lib.a(bc.o)
 .text.xc_lex_name
                0x000000000001b0cc       0x7c miscutils/lib.a(bc.o)
 .text.bc_result_pop_and_push.isra.0
                0x000000000001b148       0x54 miscutils/lib.a(bc.o)
 .text.xc_program_binOpRetire
                0x000000000001b19c       0x28 miscutils/lib.a(bc.o)
 .text.bc_vec_pushIndex
                0x000000000001b1c4       0xb4 miscutils/lib.a(bc.o)
 .text.xc_parse_push
                0x000000000001b278       0x58 miscutils/lib.a(bc.o)
 .text.xc_parse_pushInst_and_Index
                0x000000000001b2d0       0x24 miscutils/lib.a(bc.o)
 .text.xc_parse_pushNUM
                0x000000000001b2f4       0x8c miscutils/lib.a(bc.o)
 .text.bc_parse_operator
                0x000000000001b380       0xd8 miscutils/lib.a(bc.o)
 .text.xc_read_line
                0x000000000001b458      0x1fc miscutils/lib.a(bc.o)
 .text.peek_inbuf
                0x000000000001b654       0x50 miscutils/lib.a(bc.o)
 .text.eat_inbuf
                0x000000000001b6a4       0x2c miscutils/lib.a(bc.o)
 .text.zxc_lex_number
                0x000000000001b6d0      0x16c miscutils/lib.a(bc.o)
 .text.zbc_num_p
                0x000000000001b83c      0x2d4 miscutils/lib.a(bc.o)
 .text.zbc_num_add
                0x000000000001bb10       0x50 miscutils/lib.a(bc.o)
 .text.zbc_num_k
                0x000000000001bb60      0x438 miscutils/lib.a(bc.o)
 .text.zbc_num_m
                0x000000000001bf98      0x178 miscutils/lib.a(bc.o)
 .text.zbc_num_sqrt
                0x000000000001c110      0x324 miscutils/lib.a(bc.o)
 .text.zbc_num_d
                0x000000000001c434      0x2e4 miscutils/lib.a(bc.o)
 .text.zbc_num_r
                0x000000000001c718      0x184 miscutils/lib.a(bc.o)
 .text.zbc_num_rem
                0x000000000001c89c       0xc0 miscutils/lib.a(bc.o)
 .text.zbc_num_divmod
                0x000000000001c95c      0x100 miscutils/lib.a(bc.o)
 .text.zxc_num_printNum
                0x000000000001ca5c      0x298 miscutils/lib.a(bc.o)
 .text.bc_map_insert
                0x000000000001ccf4       0xc0 miscutils/lib.a(bc.o)
 .text.bc_program_addFunc
                0x000000000001cdb4       0xc8 miscutils/lib.a(bc.o)
 .text.xc_vm_init
                0x000000000001ce7c      0x2f0 miscutils/lib.a(bc.o)
 .text.xc_program_search
                0x000000000001d16c       0xec miscutils/lib.a(bc.o)
 .text.xc_program_pushVar
                0x000000000001d258      0x114 miscutils/lib.a(bc.o)
 .text.zxc_program_num
                0x000000000001d36c      0x510 miscutils/lib.a(bc.o)
 .text.zxc_program_binOpPrep
                0x000000000001d87c      0x150 miscutils/lib.a(bc.o)
 .text.zxc_program_prep
                0x000000000001d9cc       0x84 miscutils/lib.a(bc.o)
 .text.xc_program_print
                0x000000000001da50      0x39c miscutils/lib.a(bc.o)
 .text.zxc_program_assign
                0x000000000001ddec      0x2b0 miscutils/lib.a(bc.o)
 .text.bc_map_find_exact
                0x000000000001e09c       0x5c miscutils/lib.a(bc.o)
 .text.zxc_program_popResultAndCopyToVar
                0x000000000001e0f8      0x300 miscutils/lib.a(bc.o)
 .text.zxc_lex_next
                0x000000000001e3f8      0x7a4 miscutils/lib.a(bc.o)
 .text.zxc_parse_text_init
                0x000000000001eb9c       0x30 miscutils/lib.a(bc.o)
 .text.zbc_parse_pushSTR
                0x000000000001ebcc       0x78 miscutils/lib.a(bc.o)
 .text.zdc_parse_register
                0x000000000001ec44       0x4c miscutils/lib.a(bc.o)
 .text.zdc_parse_mem
                0x000000000001ec90       0x58 miscutils/lib.a(bc.o)
 .text.zdc_parse_expr
                0x000000000001ece8      0x278 miscutils/lib.a(bc.o)
 .text.zdc_parse_exprs_until_eof
                0x000000000001ef60       0x24 miscutils/lib.a(bc.o)
 .text.zbc_parse_expr
                0x000000000001ef84      0x798 miscutils/lib.a(bc.o)
 .text.zbc_parse_name
                0x000000000001f71c      0x230 miscutils/lib.a(bc.o)
 .text.zbc_parse_stmt_possibly_auto
                0x000000000001f94c      0x808 miscutils/lib.a(bc.o)
 .text.zbc_parse_stmt_allow_NLINE_before
                0x0000000000020154       0x70 miscutils/lib.a(bc.o)
 .text.zxc_vm_process
                0x00000000000201c4     0x16e8 miscutils/lib.a(bc.o)
 .text.zxc_vm_execute_FILE
                0x00000000000218ac       0x58 miscutils/lib.a(bc.o)
 .text.zxc_vm_exec
                0x0000000000021904       0xcc miscutils/lib.a(bc.o)
 .text.bc_main  0x00000000000219d0       0x68 miscutils/lib.a(bc.o)
                0x00000000000219d0                bc_main
 .text.dc_main  0x0000000000021a38      0x154 miscutils/lib.a(bc.o)
                0x0000000000021a38                dc_main
 .text.beep_main
                0x0000000000021b8c      0x184 miscutils/lib.a(beep.o)
                0x0000000000021b8c                beep_main
 .text.signal_handler
                0x0000000000021d10       0x10 miscutils/lib.a(chat.o)
 .text.unescape
                0x0000000000021d20       0xf8 miscutils/lib.a(chat.o)
 .text.chat_main
                0x0000000000021e18      0x5a0 miscutils/lib.a(chat.o)
                0x0000000000021e18                chat_main
 .text.create_cdev_if_doesnt_exist
                0x00000000000223b8       0x64 miscutils/lib.a(conspy.o)
 .text.start_shell_in_child
                0x000000000002241c      0x130 miscutils/lib.a(conspy.o)
 .text.putcsi   0x000000000002254c       0x20 miscutils/lib.a(conspy.o)
 .text.set_cursor
                0x000000000002256c       0x4c miscutils/lib.a(conspy.o)
 .text.gotoxy   0x00000000000225b8       0x40 miscutils/lib.a(conspy.o)
 .text.screen_char
                0x00000000000225f8      0x124 miscutils/lib.a(conspy.o)
 .text.screen_dump
                0x000000000002271c      0x104 miscutils/lib.a(conspy.o)
 .text.cleanup  0x0000000000022820       0x5c miscutils/lib.a(conspy.o)
 .text.screen_read_close
                0x000000000002287c      0x134 miscutils/lib.a(conspy.o)
 .text.conspy_main
                0x00000000000229b0      0x598 miscutils/lib.a(conspy.o)
                0x00000000000229b0                conspy_main
 .text.log8     0x0000000000022f48       0xc8 miscutils/lib.a(crond.o)
 .text.reopen_logfile_to_stderr
                0x0000000000023010       0x38 miscutils/lib.a(crond.o)
 .text.delete_cronfile
                0x0000000000023048       0xc4 miscutils/lib.a(crond.o)
 .text.ParseField
                0x000000000002310c      0x2c4 miscutils/lib.a(crond.o)
 .text.safe_setenv
                0x00000000000233d0       0x44 miscutils/lib.a(crond.o)
 .text.log7.constprop.0
                0x0000000000023414       0xd0 miscutils/lib.a(crond.o)
 .text.log5     0x00000000000234e4       0xc8 miscutils/lib.a(crond.o)
 .text.load_crontab
                0x00000000000235ac      0x4c0 miscutils/lib.a(crond.o)
 .text.rescan_crontab_dir
                0x0000000000023a6c       0xa8 miscutils/lib.a(crond.o)
 .text.fork_job
                0x0000000000023b14      0x1f0 miscutils/lib.a(crond.o)
 .text.start_jobs
                0x0000000000023d04      0x1f0 miscutils/lib.a(crond.o)
 .text.crond_main
                0x0000000000023ef4      0x4d4 miscutils/lib.a(crond.o)
                0x0000000000023ef4                crond_main
 .text.edit_file
                0x00000000000243c8       0x9c miscutils/lib.a(crontab.o)
 .text.crontab_main
                0x0000000000024464      0x2d4 miscutils/lib.a(crontab.o)
                0x0000000000024464                crontab_main
 .text.devmem_main
                0x0000000000024738      0x268 miscutils/lib.a(devmem.o)
                0x0000000000024738                devmem_main
 .text.fb_pixel_value
                0x00000000000249a0       0x7c miscutils/lib.a(fbsplash.o)
 .text.fb_write_pixel
                0x0000000000024a1c       0x50 miscutils/lib.a(fbsplash.o)
 .text.fb_drawfullrectangle
                0x0000000000024a6c       0x7c miscutils/lib.a(fbsplash.o)
 .text.fb_drawprogressbar
                0x0000000000024ae8      0x1d0 miscutils/lib.a(fbsplash.o)
 .text.fb_setpal
                0x0000000000024cb8       0xbc miscutils/lib.a(fbsplash.o)
 .text.fbsplash_main
                0x0000000000024d74      0x4f0 miscutils/lib.a(fbsplash.o)
                0x0000000000024d74                fbsplash_main
 .text.parse_opts
                0x0000000000025264       0x3c miscutils/lib.a(hdparm.o)
 .text.parse_opts_0_1
                0x00000000000252a0        0xc miscutils/lib.a(hdparm.o)
 .text.parse_opts_0_INTMAX
                0x00000000000252ac        0xc miscutils/lib.a(hdparm.o)
 .text.translate_xfermode
                0x00000000000252b8       0x8c miscutils/lib.a(hdparm.o)
 .text.read_big_block
                0x0000000000025344       0x3c miscutils/lib.a(hdparm.o)
 .text.on_off   0x0000000000025380       0x1c miscutils/lib.a(hdparm.o)
 .text.mode_loop
                0x000000000002539c       0xb8 miscutils/lib.a(hdparm.o)
 .text.xprint_ascii
                0x0000000000025454       0x88 miscutils/lib.a(hdparm.o)
 .text.print_value_on_off
                0x00000000000254dc       0x30 miscutils/lib.a(hdparm.o)
 .text.bus_state_value
                0x000000000002550c       0x4c miscutils/lib.a(hdparm.o)
 .text.identify
                0x0000000000025558     0x1214 miscutils/lib.a(hdparm.o)
 .text.identify_from_stdin
                0x000000000002676c       0xa4 miscutils/lib.a(hdparm.o)
 .text.dump_identity
                0x0000000000026810      0x4ec miscutils/lib.a(hdparm.o)
 .text.seek_to_zero
                0x0000000000026cfc       0x10 miscutils/lib.a(hdparm.o)
 .text.flush_buffer_cache
                0x0000000000026d0c       0x68 miscutils/lib.a(hdparm.o)
 .text.do_time  0x0000000000026d74      0x1d8 miscutils/lib.a(hdparm.o)
 .text.print_flag_on_off.constprop.0
                0x0000000000026f4c       0x2c miscutils/lib.a(hdparm.o)
 .text.ioctl_alt_func.constprop.0
                0x0000000000026f78       0x54 miscutils/lib.a(hdparm.o)
 .text.process_dev
                0x0000000000026fcc      0xf1c miscutils/lib.a(hdparm.o)
 .text.hdparm_main
                0x0000000000027ee8      0x4b8 miscutils/lib.a(hdparm.o)
                0x0000000000027ee8                hdparm_main
 .text.format_line
                0x00000000000283a0      0x140 miscutils/lib.a(hexedit.o)
 .text.redraw   0x00000000000284e0      0x13c miscutils/lib.a(hexedit.o)
 .text.redraw_cur_line
                0x000000000002861c       0xa4 miscutils/lib.a(hexedit.o)
 .text.restore_term
                0x00000000000286c0       0x2c miscutils/lib.a(hexedit.o)
 .text.sig_catcher
                0x00000000000286ec       0x34 miscutils/lib.a(hexedit.o)
 .text.remap    0x0000000000028720       0x90 miscutils/lib.a(hexedit.o)
 .text.move_mapping_further
                0x00000000000287b0       0x64 miscutils/lib.a(hexedit.o)
 .text.move_mapping_lower
                0x0000000000028814       0x54 miscutils/lib.a(hexedit.o)
 .text.hexedit_main
                0x0000000000028868      0x540 miscutils/lib.a(hexedit.o)
                0x0000000000028868                hexedit_main
 .text.i2c_bus_lookup
                0x0000000000028da8       0x10 miscutils/lib.a(i2c_tools.o)
 .text.i2c_dev_open
                0x0000000000028db8       0xa4 miscutils/lib.a(i2c_tools.o)
 .text.get_funcs_matrix
                0x0000000000028e5c       0x14 miscutils/lib.a(i2c_tools.o)
 .text.i2c_set_slave_addr
                0x0000000000028e70       0x24 miscutils/lib.a(i2c_tools.o)
 .text.check_funcs_test_end
                0x0000000000028e94       0x40 miscutils/lib.a(i2c_tools.o)
 .text.check_read_funcs
                0x0000000000028ed4      0x114 miscutils/lib.a(i2c_tools.o)
 .text.confirm_or_abort
                0x0000000000028fe8       0x38 miscutils/lib.a(i2c_tools.o)
 .text.confirm_action
                0x0000000000029020       0x84 miscutils/lib.a(i2c_tools.o)
 .text.i2c_smbus_access
                0x00000000000290a4       0x5c miscutils/lib.a(i2c_tools.o)
 .text.i2c_smbus_read_byte
                0x0000000000029100       0x58 miscutils/lib.a(i2c_tools.o)
 .text.i2c_smbus_read_word_data
                0x0000000000029158       0x5c miscutils/lib.a(i2c_tools.o)
 .text.i2c_smbus_read_byte_data
                0x00000000000291b4       0x5c miscutils/lib.a(i2c_tools.o)
 .text.list_i2c_busses_and_exit
                0x0000000000029210      0x254 miscutils/lib.a(i2c_tools.o)
 .text.i2cget_main
                0x0000000000029464      0x208 miscutils/lib.a(i2c_tools.o)
                0x0000000000029464                i2cget_main
 .text.i2cset_main
                0x000000000002966c      0x5ac miscutils/lib.a(i2c_tools.o)
                0x000000000002966c                i2cset_main
 .text.i2cdump_main
                0x0000000000029c18      0x6f8 miscutils/lib.a(i2c_tools.o)
                0x0000000000029c18                i2cdump_main
 .text.i2cdetect_main
                0x000000000002a310      0x378 miscutils/lib.a(i2c_tools.o)
                0x000000000002a310                i2cdetect_main
 .text.i2ctransfer_main
                0x000000000002a688      0x3c0 miscutils/lib.a(i2c_tools.o)
                0x000000000002a688                i2ctransfer_main
 .text.at_end   0x000000000002aa48       0x60 miscutils/lib.a(less.o)
 .text.safe_lineno
                0x000000000002aaa8       0x38 miscutils/lib.a(less.o)
 .text.opp_bracket
                0x000000000002aae0       0x70 miscutils/lib.a(less.o)
 .text.sigwinch_handler
                0x000000000002ab50       0x18 miscutils/lib.a(less.o)
 .text.set_tty_cooked
                0x000000000002ab68       0x24 miscutils/lib.a(less.o)
 .text.clear_line
                0x000000000002ab8c       0x20 miscutils/lib.a(less.o)
 .text.restore_tty
                0x000000000002abac       0x28 miscutils/lib.a(less.o)
 .text.sig_catcher
                0x000000000002abd4       0x14 miscutils/lib.a(less.o)
 .text.print_statusline
                0x000000000002abe8       0x34 miscutils/lib.a(less.o)
 .text.fill_match_lines
                0x000000000002ac1c       0xa4 miscutils/lib.a(less.o)
 .text.read_lines
                0x000000000002acc0      0x3a0 miscutils/lib.a(less.o)
 .text.goto_lineno
                0x000000000002b060       0xac miscutils/lib.a(less.o)
 .text.cap_cur_fline
                0x000000000002b10c       0x8c miscutils/lib.a(less.o)
 .text.re_wrap  0x000000000002b198      0x238 miscutils/lib.a(less.o)
 .text.less_exit
                0x000000000002b3d0        0xc miscutils/lib.a(less.o)
 .text.update_num_lines
                0x000000000002b3dc      0x13c miscutils/lib.a(less.o)
 .text.m_status_print
                0x000000000002b518      0x168 miscutils/lib.a(less.o)
 .text.status_print
                0x000000000002b680       0x9c miscutils/lib.a(less.o)
 .text.buffer_print
                0x000000000002b71c      0x3f0 miscutils/lib.a(less.o)
 .text.buffer_fill_and_print
                0x000000000002bb0c       0xc8 miscutils/lib.a(less.o)
 .text.reinitialize
                0x000000000002bbd4       0xc4 miscutils/lib.a(less.o)
 .text.change_file
                0x000000000002bc98       0x80 miscutils/lib.a(less.o)
 .text.buffer_down
                0x000000000002bd18       0x4c miscutils/lib.a(less.o)
 .text.buffer_up
                0x000000000002bd64       0x4c miscutils/lib.a(less.o)
 .text.buffer_to_line
                0x000000000002bdb0       0x48 miscutils/lib.a(less.o)
 .text.goto_match
                0x000000000002bdf8       0x98 miscutils/lib.a(less.o)
 .text.getch_nowait
                0x000000000002be90      0x158 miscutils/lib.a(less.o)
 .text.less_getch
                0x000000000002bfe8       0x44 miscutils/lib.a(less.o)
 .text.less_gets
                0x000000000002c02c       0xe4 miscutils/lib.a(less.o)
 .text.examine_file
                0x000000000002c110       0x88 miscutils/lib.a(less.o)
 .text.regex_process
                0x000000000002c198      0x134 miscutils/lib.a(less.o)
 .text.less_main
                0x000000000002c2cc      0xa94 miscutils/lib.a(less.o)
                0x000000000002c2cc                less_main
 .text.get_line
                0x000000000002cd60       0x44 miscutils/lib.a(lsscsi.o)
 .text.lsscsi_main
                0x000000000002cda4      0x1d4 miscutils/lib.a(lsscsi.o)
                0x000000000002cda4                lsscsi_main
 .text.makedevs_main
                0x000000000002cf78      0x478 miscutils/lib.a(makedevs.o)
                0x000000000002cf78                makedevs_main
 .text.if_redefined
                0x000000000002d3f0       0x68 miscutils/lib.a(man.o)
 .text.add_MANPATH
                0x000000000002d458       0xd0 miscutils/lib.a(man.o)
 .text.is_section_name
                0x000000000002d528       0x44 miscutils/lib.a(man.o)
 .text.run_pipe
                0x000000000002d56c      0x1d8 miscutils/lib.a(man.o)
 .text.show_manpage
                0x000000000002d744       0xec miscutils/lib.a(man.o)
 .text.man_main
                0x000000000002d830      0x490 miscutils/lib.a(man.o)
                0x000000000002d830                man_main
 .text.microcom_main
                0x000000000002dcc0      0x334 miscutils/lib.a(microcom.o)
                0x000000000002dcc0                microcom_main
 .text.mt_main  0x000000000002dff4      0x148 miscutils/lib.a(mt.o)
                0x000000000002dff4                mt_main
 .text.next_good_eraseblock
                0x000000000002e13c       0xfc miscutils/lib.a(nandwrite.o)
 .text.dump_bad
                0x000000000002e238      0x10c miscutils/lib.a(nandwrite.o)
 .text.nandwrite_main
                0x000000000002e344      0x518 miscutils/lib.a(nandwrite.o)
                0x000000000002e344                nandwrite_main
 .text.partprobe_main
                0x000000000002e85c       0x74 miscutils/lib.a(partprobe.o)
                0x000000000002e85c                partprobe_main
 .text.raidautorun_main
                0x000000000002e8d0       0x34 miscutils/lib.a(raidautorun.o)
                0x000000000002e8d0                raidautorun_main
 .text.readahead_main
                0x000000000002e904       0x98 miscutils/lib.a(readahead.o)
                0x000000000002e904                readahead_main
 .text.runlevel_main
                0x000000000002e99c       0x80 miscutils/lib.a(runlevel.o)
                0x000000000002e99c                runlevel_main
 .text.sigalrm_handler
                0x000000000002ea1c        0x4 miscutils/lib.a(rx.o)
 .text.read_byte
                0x000000000002ea20       0x6c miscutils/lib.a(rx.o)
 .text.rx_main  0x000000000002ea8c      0x400 miscutils/lib.a(rx.o)
                0x000000000002ea8c                rx_main
 .text.seedrng_main
                0x000000000002ee8c      0x424 miscutils/lib.a(seedrng.o)
                0x000000000002ee8c                seedrng_main
 .text.setfattr_main
                0x000000000002f2b0      0x12c miscutils/lib.a(setfattr.o)
                0x000000000002f2b0                setfattr_main
 .text.index_in_strings_case_insensitive
                0x000000000002f3dc       0x58 miscutils/lib.a(setserial.o)
 .text.get_numeric
                0x000000000002f434       0x18 miscutils/lib.a(setserial.o)
 .text.setserial_main
                0x000000000002f44c      0x65c miscutils/lib.a(setserial.o)
                0x000000000002f44c                setserial_main
 .text.strings_main
                0x000000000002faa8      0x200 miscutils/lib.a(strings.o)
                0x000000000002faa8                strings_main
 .text.ptok     0x000000000002fca8       0x28 miscutils/lib.a(time.o)
 .text.run_command
                0x000000000002fcd0       0xf4 miscutils/lib.a(time.o)
 .text.time_main
                0x000000000002fdc4      0x49c miscutils/lib.a(time.o)
                0x000000000002fdc4                time_main
 .text.tree_print
                0x0000000000030260      0x220 miscutils/lib.a(tree.o)
 .text.tree_main
                0x0000000000030480       0xa0 miscutils/lib.a(tree.o)
                0x0000000000030480                tree_main
 .text.ts_main  0x0000000000030520      0x1f0 miscutils/lib.a(ts.o)
                0x0000000000030520                ts_main
 .text.ttysize_main
                0x0000000000030710      0x120 miscutils/lib.a(ttysize.o)
                0x0000000000030710                ttysize_main
 .text.get_num_from_file
                0x0000000000030830       0xac miscutils/lib.a(ubi_tools.o)
 .text.ubi_tools_main
                0x00000000000308dc      0x4f8 miscutils/lib.a(ubi_tools.o)
                0x00000000000308dc                ubi_tools_main
 .text.ubirename_main
                0x0000000000030dd4      0x11c miscutils/lib.a(ubirename.o)
                0x0000000000030dd4                ubirename_main
 .text.volname_main
                0x0000000000030ef0       0xa8 miscutils/lib.a(volname.o)
                0x0000000000030ef0                volname_main
 .text.shutdown_on_signal
                0x0000000000030f98       0x30 miscutils/lib.a(watchdog.o)
 .text.watchdog_main
                0x0000000000030fc8      0x13c miscutils/lib.a(watchdog.o)
                0x0000000000030fc8                watchdog_main
 .text.display  0x0000000000031104       0x80 modutils/lib.a(modinfo.o)
 .text.modinfo  0x0000000000031184      0x200 modutils/lib.a(modinfo.o)
 .text.modinfo_main
                0x0000000000031384      0x1a8 modutils/lib.a(modinfo.o)
                0x0000000000031384                modinfo_main
 .text.replace  0x000000000003152c       0x28 modutils/lib.a(modprobe-small.o)
 .text.moderror
                0x0000000000031554       0x5c modutils/lib.a(modprobe-small.o)
 .text.load_dep_bb
                0x00000000000315b0      0x120 modutils/lib.a(modprobe-small.o)
 .text.find_keyword
                0x00000000000316d0       0x84 modutils/lib.a(modprobe-small.o)
 .text.copy_stringbuf
                0x0000000000031754       0x28 modutils/lib.a(modprobe-small.o)
 .text.append   0x000000000003177c       0x74 modutils/lib.a(modprobe-small.o)
 .text.str_2_list
                0x00000000000317f0       0x58 modutils/lib.a(modprobe-small.o)
 .text.load_module
                0x0000000000031848       0xec modutils/lib.a(modprobe-small.o)
 .text.filename2modname.isra.0
                0x0000000000031934       0x44 modutils/lib.a(modprobe-small.o)
 .text.rmmod    0x0000000000031978       0x88 modutils/lib.a(modprobe-small.o)
 .text.parse_module
                0x0000000000031a00      0x23c modutils/lib.a(modprobe-small.o)
 .text.find_alias
                0x0000000000031c3c      0x31c modutils/lib.a(modprobe-small.o)
 .text.process_module
                0x0000000000031f58      0x35c modutils/lib.a(modprobe-small.o)
 .text.fileAction
                0x00000000000322b4      0x124 modutils/lib.a(modprobe-small.o)
 .text.lsmod_main
                0x00000000000323d8       0x20 modutils/lib.a(modprobe-small.o)
                0x00000000000323d8                lsmod_main
 .text.modprobe_main
                0x00000000000323f8      0x278 modutils/lib.a(modprobe-small.o)
                0x00000000000323f8                modprobe_main
 .text.filename2modname
                0x0000000000032670       0xb4 modutils/lib.a(modutils.o)
                0x0000000000032670                filename2modname
 .text.arp_show
                0x0000000000032724      0x344 networking/lib.a(arp.o)
 .text.arp_main
                0x0000000000032a68      0x5e4 networking/lib.a(arp.o)
                0x0000000000032a68                arp_main
 .text.finish   0x000000000003304c       0x70 networking/lib.a(arping.o)
 .text.catcher  0x00000000000330bc      0x19c networking/lib.a(arping.o)
 .text.arping_main
                0x0000000000033258      0x6e8 networking/lib.a(arping.o)
                0x0000000000033258                arping_main
 .text.read_file
                0x0000000000033940       0x54 networking/lib.a(brctl.o)
 .text.compare_fdbs
                0x0000000000033994        0x8 networking/lib.a(brctl.o)
 .text.printf_xstrtou
                0x000000000003399c       0x2c networking/lib.a(brctl.o)
 .text.show_bridge_timer
                0x00000000000339c8       0x3c networking/lib.a(brctl.o)
 .text.show_bridge_port
                0x0000000000033a04      0x340 networking/lib.a(brctl.o)
 .text.write_uint
                0x0000000000033d44       0xcc networking/lib.a(brctl.o)
 .text.show_bridge
                0x0000000000033e10      0x1dc networking/lib.a(brctl.o)
 .text.brctl_main
                0x0000000000033fec      0x798 networking/lib.a(brctl.o)
                0x0000000000033fec                brctl_main
 .text.undot    0x0000000000034784       0x54 networking/lib.a(dnsd.o)
 .text.dnsd_main
                0x00000000000347d8      0x598 networking/lib.a(dnsd.o)
                0x00000000000347d8                dnsd_main
 .text.ether_wake_main
                0x0000000000034d70      0x2e0 networking/lib.a(ether-wake.o)
                0x0000000000034d70                ether_wake_main
 .text.verbose_log
                0x0000000000035050       0x2c networking/lib.a(ftpd.o)
 .text.cmdio_get_cmd_and_arg
                0x000000000003507c      0x190 networking/lib.a(ftpd.o)
 .text.cmdio_write_ok
                0x000000000003520c       0x50 networking/lib.a(ftpd.o)
 .text.cmdio_write_error
                0x000000000003525c       0x4c networking/lib.a(ftpd.o)
 .text.escape_text
                0x00000000000352a8       0xc0 networking/lib.a(ftpd.o)
 .text.cmdio_write
                0x0000000000035368       0x84 networking/lib.a(ftpd.o)
 .text.handle_cwd
                0x00000000000353ec       0x48 networking/lib.a(ftpd.o)
 .text.port_pasv_cleanup
                0x0000000000035434       0x38 networking/lib.a(ftpd.o)
 .text.get_remote_transfer_fd
                0x000000000003546c       0x80 networking/lib.a(ftpd.o)
 .text.bind_for_passive_mode
                0x00000000000354ec       0x90 networking/lib.a(ftpd.o)
 .text.cmdio_write_raw
                0x000000000003557c       0x3c networking/lib.a(ftpd.o)
 .text.timeout_handler
                0x00000000000355b8       0x7c networking/lib.a(ftpd.o)
 .text.port_or_pasv_was_seen
                0x0000000000035634       0x40 networking/lib.a(ftpd.o)
 .text.handle_upload_common
                0x0000000000035674      0x194 networking/lib.a(ftpd.o)
 .text.handle_dir_common
                0x0000000000035808      0x20c networking/lib.a(ftpd.o)
 .text.ftpd_main
                0x0000000000035a14      0xa14 networking/lib.a(ftpd.o)
                0x0000000000035a14                ftpd_main
 .text.ftp_die  0x0000000000036428       0x64 networking/lib.a(ftpgetput.o)
 .text.ftpcmd   0x000000000003648c       0xec networking/lib.a(ftpgetput.o)
 .text.xconnect_ftpdata
                0x0000000000036578       0x74 networking/lib.a(ftpgetput.o)
 .text.pump_data_and_QUIT
                0x00000000000365ec       0x70 networking/lib.a(ftpgetput.o)
 .text.ftp_receive
                0x000000000003665c      0x180 networking/lib.a(ftpgetput.o)
 .text.ftp_send
                0x00000000000367dc       0x88 networking/lib.a(ftpgetput.o)
 .text.ftpgetput_main
                0x0000000000036864      0x1e0 networking/lib.a(ftpgetput.o)
                0x0000000000036864                ftpgetput_main
 .text.do_sethostname
                0x0000000000036a44       0x94 networking/lib.a(hostname.o)
 .text.hostname_main
                0x0000000000036ad8      0x194 networking/lib.a(hostname.o)
                0x0000000000036ad8                hostname_main
 .text.scan_ip  0x0000000000036c6c       0xd0 networking/lib.a(httpd.o)
 .text.free_llist
                0x0000000000036d3c       0x34 networking/lib.a(httpd.o)
 .text.parse_conf
                0x0000000000036d70      0x5d8 networking/lib.a(httpd.o)
 .text.sighup_handler
                0x0000000000037348       0x34 networking/lib.a(httpd.o)
 .text.get_line
                0x000000000003737c       0xac networking/lib.a(httpd.o)
 .text.log_and_exit
                0x0000000000037428       0x3c networking/lib.a(httpd.o)